╔════════════════════════════════════════════════════════════════════╗
║  TEP-LLR: Full Canonical                                              ║
║  Steps: 74                                                            ║
║  Started: 2026-05-15 00:50:58                                         ║
╚════════════════════════════════════════════════════════════════════╝


──────────────────────────────────────────────────────────────────────
 [  1/74]  Full Canonical: step_000_llr_data_ingestion.py
──────────────────────────────────────────────────────────────────────

═══ Starting data integrity check...
    Found: INPOP19a_APO_residuals.txt          (   236.8 KB)
    Found: INPOP19a_Grasse_residuals.txt       (  1676.7 KB)
    Found: INPOP19a_Matera_residuals.txt       (    31.2 KB)
    Found: INPOP19a_McDonald2_residuals.txt    (   263.4 KB)
    Found: INPOP19a_Haleakala_residuals.txt    (    60.8 KB)
    Found: DE430_2014-2018_residuals.dat       (   464.4 KB)
    Found: de440.bsp                           (116992.0 KB)
    Data audit complete. Station coverage: 7/7
✓   Verified: INPOP19a_APO_residuals.txt          sha256=e123d2d095cc...
✓   Verified: INPOP19a_Grasse_residuals.txt       sha256=efabea88d7da...
✓   Verified: INPOP19a_Matera_residuals.txt       sha256=4267ce1f0068...
✓   Verified: INPOP19a_McDonald2_residuals.txt    sha256=7529ab165e1d...
✓   Verified: INPOP19a_Haleakala_residuals.txt    sha256=2dc80a1e4654...
✓   Verified: DE430_2014-2018_residuals.dat       sha256=e44d3c25b095...
✓   Verified: de440.bsp                           sha256=a4ce9bf9b328...
✓   All 7 required LLR residual files present.
Results saved to results/outputs/step_000_llr_data_ingestion.json

✓  PASS  step_000_llr_data_ingestion.py  (0.2s)

──────────────────────────────────────────────────────────────────────
 [  2/74]  Full Canonical: step_001_data_preprocessing.py
──────────────────────────────────────────────────────────────────────

═══ Starting INPOP MINI format preprocessing...
═══ Processing INPOP LLR residuals for TEP analysis
>>> Processing APO data from data/raw/INPOP19a_APO_residuals.txt
    Parsed 2595 observations
    Computing Moon elongation angles for APO...
✓   Saved 2595 observations to APO_residuals.csv
      Residual RMS: 0.032 m
>>> Processing Grasse data from data/raw/INPOP19a_Grasse_residuals.txt
    Parsed 19390 observations
    Computing Moon elongation angles for Grasse...
✓   Saved 19390 observations to Grasse_residuals.csv
      Residual RMS: 0.099 m
>>> Processing Matera data from data/raw/INPOP19a_Matera_residuals.txt
    Parsed 346 observations
    Computing Moon elongation angles for Matera...
✓   Saved 346 observations to Matera_residuals.csv
      Residual RMS: 0.062 m
>>> Processing McDonald2 data from data/raw/INPOP19a_McDonald2_residuals.txt
    Parsed 3139 observations
    Computing Moon elongation angles for McDonald2...
✓   Saved 3139 observations to McDonald2_residuals.csv
      Residual RMS: 0.096 m
>>> Processing Haleakala data from data/raw/INPOP19a_Haleakala_residuals.txt
    Parsed 737 observations
    Computing Moon elongation angles for Haleakala...
✓   Saved 737 observations to Haleakala_residuals.csv
      Residual RMS: 0.138 m
✓   Combined 26207 observations from all stations
═══ 
Combined statistics:
    Total observations: 26207
    Residual RMS: 0.095 m
Results saved to results/outputs/step_001_data_preprocessing.json
✓   Preprocessing complete.

✓  PASS  step_001_data_preprocessing.py  (12.1s)

──────────────────────────────────────────────────────────────────────
 [  3/74]  Full Canonical: step_002_de430_preprocessing.py
──────────────────────────────────────────────────────────────────────

>>> Processing DE430 data from DE430_2014-2018_residuals.dat
    Parsed 4597 observations from DE430_2014-2018_residuals.dat
    Parsed 4597 observations
    Computing Moon-Sun elongation angles...
    Cleaning data...
    Cleaned dataset: 4597 observations (removed 0)
    Residual stats for DE430:
      Mean: 1.228713e-02 m
      Std:  2.662568e-01 m
      RMS:  2.665112e-01 m
✓   DE430 Preprocessing Complete: 4597 observations
Results saved to results/outputs/step_002_de430_preprocessing.json

✓  PASS  step_002_de430_preprocessing.py  (1.3s)

──────────────────────────────────────────────────────────────────────
 [  4/74]  Full Canonical: step_003_statistical_analysis.py
──────────────────────────────────────────────────────────────────────

═══ ═══ Starting Step 003: Statistical Analysis...
    ═══ STEP PURPOSE: Primary TEP Nordtvedt parameter estimation using OLS and Bayesian MCMC methods
    ═══ METHOD: Unweighted OLS regression + Bayesian MCMC with emcee sampler
    ═══ PARAMETERS: 6σ-equivalent (MAD-based) outlier cleaning, 32 walkers, 5000 steps, 1000 burn-in
    ═══ DATA SUMMARY
        Dataset: N = 26,207 observations
        Stations: 5 (APO, Grasse, Matera, McDonald2, Haleakala)
    Applied 6σ-equivalent (MAD-based) outlier cleaning: removed 762/26207 outliers
        Cleaned dataset: N = 25,445 observations
    Rows sorted by date_julian (+ station) for AR(1) / lag-1 diagnostics.
    ═══ ANALYSIS TRACE
>>> >>> Performing unweighted OLS regression
        Unweighted Regression Complete (N=25445, DOF=25443):
          RSS = 9.665854e+01
          χ²_red = 0.003799
          Birge Ratio = 0.062
          Condition Number κ(R) = 2.11e+00
          Final η = -3.17726662e-04 ± 6.05193844e-05
>>> >>> Running Bayesian MCMC analysis
        Number of walkers: 32
        Total steps: 5000
        Burn-in steps: 1000
        Initial position: η=-3.17726662e-04, b=-1.05020579e-03
    ═══ MCMC CONVERGENCE DIAGNOSTICS
        Autocorrelation time: 34.53
        Steps per autocorr: 115.8
        Acceptance fraction: 0.717
        Convergence status: CONVERGED
>>> >>> Performing AR(1) GLS regression (autocorrelation-aware error estimation)
    AR(1) GLS Regression Results:
      η (GLS) = -3.26475573e-04 ± 9.00011560e-05
      η (GLS, cluster-robust) = -3.26475573e-04 ± 9.47856832e-05
      Cluster-robust SE inflation: 1.05x
      AR(1) parameter ρ = 0.4162 ± 0.0057
      Durbin-Watson = 1.168
      Interpretation: Significant autocorrelation
    ═══ RESULTS SUMMARY
        OLS η: -3.17726662e-04 ± 6.05193844e-05
        MCMC η: -2.88166052e-04 ± 6.60715776e-05
        AR(1) GLS η: -3.26475573e-04 ± 9.00011560e-05
        AR(1) GLS η (cluster-robust): -3.26475573e-04 ± 9.47856832e-05
        Cluster-robust SNR: 3.44σ
        AR(1) parameter ρ: 0.4162 ± 0.0057
        Durbin-Watson: 1.168
        SNR (MCMC): 4.36σ
        Status: DETECTION
    ═══ INTERPRETATION
        The negative η indicates TEP Nordtvedt violation is present
        Statistical significance: 4.36σ (DETECTION)
        Convergence: CONVERGED
        Temporal autocorrelation: ρ = 0.4162 (DW = 1.168)
        Autocorrelation impact: Error inflation factor = 0.73x if significant
        Limitations: OLS is unweighted (Birge ratio diagnostic); MCMC uses fixed station-specific sigma_m
    ═══ REPRODUCIBILITY
        Output file: results/outputs/step_003_statistical_analysis.json
        MCMC walkers: 32
        MCMC steps: 5000
        MCMC burn-in: 1000
Results saved to results/outputs/step_003_statistical_analysis.json
✓   Statistical Analysis Complete. SNR = 4.4σ

✓  PASS  step_003_statistical_analysis.py  (27.3s)

──────────────────────────────────────────────────────────────────────
 [  5/74]  Full Canonical: step_004_detection_analysis_advanced.py
──────────────────────────────────────────────────────────────────────

═══ ═══ Starting Step 004: Advanced TEP Detection Analysis...
    ═══ STEP PURPOSE: Comprehensive TEP detection using 17 robust statistical methods
    ═══ METHOD: Bootstrap correlation, OLS regression, station-by-station analysis, leverage analysis
    ═══ PARAMETERS: Random seed=42, bootstrap samples=10000, Theil-Sen samples=100000
    ═══ DATA SUMMARY
    Loading residual data...
        Dataset: N = 26,207 observations
        Stations: ['APO', 'Grasse', 'Haleakala', 'Matera', 'McDonald2']
    ═══ ANALYSIS TRACE
═══ Running comprehensive TEP detection analysis...
    Running bootstrap correlation analysis...
    Running OLS regression...
  Running 1000 bootstrap samples for error estimation...
    Running station-by-station analysis...
    ═══ RESULTS SUMMARY
        Bootstrap correlation r: -0.0304
        95% CI: [-0.0412, -0.0197]
        Stations analyzed: 5
    ═══ INTERPRETATION
        Bootstrap correlation provides robust non-parametric confidence intervals
        Station-by-station analysis tests cross-instrumental consistency
        Multiple statistical methods ensure robustness of TEP detection
    ═══ REPRODUCIBILITY
        Output file: results/outputs/step_004_detection_analysis_advanced.json
        Random seed: 42
        Bootstrap samples: 10000
        Theil-Sen samples: 100000
✓   Results saved to step_004_detection_analysis_advanced.json
    Bootstrap r=-0.0304 [-0.0412, -0.0197]

✓  PASS  step_004_detection_analysis_advanced.py  (11.1s)

──────────────────────────────────────────────────────────────────────
 [  6/74]  Full Canonical: step_005_temporal_drift_analysis.py
──────────────────────────────────────────────────────────────────────

═══ Starting Temporal Drift Analysis...

═══ Temporal Autocorrelation Analysis:

    Linear Regression Complete (N=7067, DOF=7065):
      RSS=1.759379e+02, MSE=2.490275e-02, χ²_red=0.025
      Birge Ratio = 0.158 (Scaling factor applied: 1.000)
      Condition Number κ(R) = 2.43e+00
      Final η = -1.09837749e-03 ± 3.32534476e-04
    Linear Regression Complete (N=12323, DOF=12321):
      RSS=1.259577e+01, MSE=1.022301e-03, χ²_red=0.001
      Birge Ratio = 0.032 (Scaling factor applied: 1.000)
      Condition Number κ(R) = 1.90e+00
      Final η = -2.93221835e-04 ± 4.17949613e-05
    Linear Regression Complete (N=737, DOF=735):
      RSS=1.397850e+01, MSE=1.901837e-02, χ²_red=0.019
      Birge Ratio = 0.138 (Scaling factor applied: 1.000)
      Condition Number κ(R) = 4.15e+00
      Final η = 3.55351087e-03 ± 1.44874881e-03
    Linear Regression Complete (N=2388, DOF=2386):
      RSS=2.188557e+01, MSE=9.172492e-03, χ²_red=0.009
      Birge Ratio = 0.096 (Scaling factor applied: 1.000)
      Condition Number κ(R) = 3.06e+00
      Final η = -1.78329669e-04 ± 4.14145984e-04
    Linear Regression Complete (N=751, DOF=749):
      RSS=6.423617e+00, MSE=8.576257e-03, χ²_red=0.009
      Birge Ratio = 0.093 (Scaling factor applied: 1.000)
      Condition Number κ(R) = 3.05e+00
      Final η = -1.64470035e-03 ± 7.16420519e-04
    Linear Regression Complete (N=346, DOF=344):
      RSS=1.323291e+00, MSE=3.846776e-03, χ²_red=0.004
      Birge Ratio = 0.062 (Scaling factor applied: 1.000)
      Condition Number κ(R) = 3.40e+00
      Final η = -1.81311538e-05 ± 8.70658166e-04
    Linear Regression Complete (N=2595, DOF=2593):
      RSS=2.582927e+00, MSE=9.961152e-04, χ²_red=0.001
      Birge Ratio = 0.032 (Scaling factor applied: 1.000)
      Condition Number κ(R) = 1.95e+00
      Final η = -2.39835567e-04 ± 8.66412451e-05

═══ Autocorrelation Summary:
⚠     Stations with significant autocorrelation: 5/5

Results saved to results/outputs/step_005_temporal_drift_analysis.json
✓   Temporal Drift Analysis Complete.

✓  PASS  step_005_temporal_drift_analysis.py  (0.9s)

──────────────────────────────────────────────────────────────────────
 [  7/74]  Full Canonical: step_006_multi_ephemeris_comparison.py
──────────────────────────────────────────────────────────────────────

═══ Starting Multi-Ephemeris Comparison...
    Sigma Outlier Detection: median=-0.000, MAD=0.027, sigma=0.040
      Threshold=0.239 (6.0σ), Count=762
    Linear Regression Complete (N=25445, DOF=25443):
      RSS=9.665854e+01, MSE=3.799023e-03, χ²_red=0.004
      Birge Ratio = 0.062 (Scaling factor applied: 1.000)
      Condition Number κ(R) = 2.11e+00
      Final η = -3.17726662e-04 ± 6.05193844e-05
      Ephemeris INPOP19a summary:
        η   = -3.1773e-04 ± 6.0519e-05
        SNR = 5.25σ
        N   = 26207 (used=25445, outliers_removed=762)
    Sigma Outlier Detection: median=0.022, MAD=0.033, sigma=0.050
      Threshold=0.297 (6.0σ), Count=37
    Linear Regression Complete (N=4560, DOF=4558):
      RSS=1.416414e+01, MSE=3.107534e-03, χ²_red=0.003
      Birge Ratio = 0.056 (Scaling factor applied: 1.000)
      Condition Number κ(R) = 1.87e+00
      Final η = -7.04120478e-04 ± 1.18236800e-04
      Ephemeris DE430 summary:
        η   = -7.0412e-04 ± 1.1824e-04
        SNR = 5.96σ
        N   = 4597 (used=4560, outliers_removed=37)
Results saved to results/outputs/step_006_multi_ephemeris_comparison.json
✓   Multi-Ephemeris Comparison Complete.

✓  PASS  step_006_multi_ephemeris_comparison.py  (0.9s)

──────────────────────────────────────────────────────────────────────
 [  8/74]  Full Canonical: step_006b_de430_outlier_robustness.py
──────────────────────────────────────────────────────────────────────

═══ Step 006b: DE430 Outlier Robustness Analysis
Results saved to results/outputs/step_006b_de430_outlier_robustness.json
✓   Step 006b complete.

✓  PASS  step_006b_de430_outlier_robustness.py  (4.8s)

──────────────────────────────────────────────────────────────────────
 [  9/74]  Full Canonical: step_007_meta_analysis.py
──────────────────────────────────────────────────────────────────────

═══ Meta-Analysis of INPOP19a and DE430 Results
═══ ================================================================================
    Sigma Outlier Detection: median=-0.000, MAD=0.027, sigma=0.040
      Threshold=0.239 (6.0σ), Count=762
    INPOP19a (from step_003): η = -3.177e-04 ± 6.052e-05 (5.25σ), r = -0.03290
    DE430 (from step_006): η = -7.041e-04 ± 1.182e-04 (5.96σ), r = -0.00015
    Sign consistency: True
    INPOP19a weight: 0.968 (baseline: 35.5 years)
    DE430 weight:   0.032 (baseline: 4.5 years)
    Meta-Analysis Results:
      Combined η (statistical only): -3.302e-04 ± 5.869e-05 (5.63σ)
      Systematic uncertainty: 3.864e-04
      Combined η (total uncertainty): -3.302e-04 ± 3.908e-04 (0.84σ)
      Sign consistency: both ephemerides show same sign (qualitative check)
✓   Meta-Analysis Complete
    Primary result: η = -3.302e-04 ± 3.908e-04 (0.84σ)
Results saved to results/outputs/step_007_meta_analysis.json
✓   Step 007 Complete

✓  PASS  step_007_meta_analysis.py  (1.0s)

──────────────────────────────────────────────────────────────────────
 [ 10/74]  Full Canonical: step_008_systematic_error_analysis.py
──────────────────────────────────────────────────────────────────────

═══ Starting Systematic Error Analysis...
    Loaded 26,207 observations from data/processed/INPOP19a_all_stations_residuals.csv

    Analyzing 5 stations for systematic errors...
    Total observations: 26,207
    Residual threshold for 'clean' status: 0.15 m

    ✓ Station Grasse:
        N obs     = 19,390
        RMS       = 0.0987 m
        Status    = CLEAN
    ✓ Station Haleakala:
        N obs     = 737
        RMS       = 0.1384 m
        Status    = CLEAN
    ✓ Station McDonald2:
        N obs     = 3,139
        RMS       = 0.0956 m
        Status    = CLEAN
    ✓ Station Matera:
        N obs     = 346
        RMS       = 0.0619 m
        Status    = CLEAN
    ✓ Station APO:
        N obs     = 2,595
        RMS       = 0.0316 m
        Status    = CLEAN

═══ Systematic Analysis Summary:
      Clean stations:  5/5
      Noisy stations:  0/5
      Overall status:  PASS

═══ Generating Data-Driven Systematic Error Budget (v2: elongation-correlated)...

═══ Systematic Error Budget Table (DATA-DRIVEN):
    Source                                   Magnitude (cm)     % Contribution 
    ---------------------------------------------------------------------------
    Ephemeris modeling (cross-ephemeris scatter) 0.25               61.0           
    Atmospheric delay modeling               0.08               19.5           
    Instrumental systematic                  0.01               2.4            
    Tidal modeling                           0.01               2.4            
    Thermal expansion                        0.06               14.6           
    Unexplained residual variance            0.00               0.0            
    ---------------------------------------------------------------------------
    Total Budget (quadrature)                0.27               -              
    Total Budget (linear sum)                0.41               -              
    Observed RMS                             9.48               -              

Results saved to results/outputs/step_008_systematic_error_analysis.json
✓   Systematic Error Analysis Complete.

✓  PASS  step_008_systematic_error_analysis.py  (0.4s)

──────────────────────────────────────────────────────────────────────
 [ 11/74]  Full Canonical: step_009_ephemeris_independent_analysis.py
──────────────────────────────────────────────────────────────────────

═══ Starting Ephemeris-Independent Analysis...
═══ ═══ Starting Step 009: Systematic-Corrected Residual Analysis...
    ═══ STEP PURPOSE: Test TEP detection on residuals after systematic corrections
    ═══ METHOD: Linear regression using corrected residuals (systematic errors removed)
    ═══ DATA SUMMARY
        Dataset: N = 26,207 observations
        Data source: INPOP19a_all_stations_residuals.csv
    ═══ ANALYSIS TRACE
>>> >>> Performing linear regression on corrected residuals
        Linear Regression Complete (N=26207, DOF=26205):
          RSS = 2.353485e+02
          χ²_red = 0.008981
          Birge Ratio = 0.095
          Condition Number κ(R) = 2.12e+00
          Final η = -4.53298314e-04 ± 9.19473276e-05
    ═══ RESULTS SUMMARY
        η = -4.5330e-04 ± 9.1947e-05
        SNR = 4.93σ
        Status = SIGNIFICANT (>3σ)
    ═══ INTERPRETATION
        This test uses ephemeris-independent residuals
        Low SNR expected: systematic correction removes ephemeris-dependent signal
        Result is consistent with TEP being absorbed into ephemeris fit
    ═══ REPRODUCIBILITY
        Output file: results/outputs/step_009_ephemeris_independent_analysis.json
        Data source: INPOP19a_all_stations_residuals.csv
Results saved to results/outputs/step_009_ephemeris_independent_analysis.json
✓   Analysis Complete.

✓  PASS  step_009_ephemeris_independent_analysis.py  (0.9s)

──────────────────────────────────────────────────────────────────────
 [ 12/74]  Full Canonical: step_010_systematic_control_analysis.py
──────────────────────────────────────────────────────────────────────

═══ Starting Systematic Control Analysis...
    ============================================================
═══ SYSTEMATIC CONTROL ANALYSIS - DETAILED TRACE
    ============================================================
    [DATA] Dataset: N=26,207 observations
    [DATA] Residual range: [-1.036197, 1.554217] m
    [DATA] cos(elongation) range: [-0.999987, 0.986199]
    [DATA] JD range: [2445797.9497, 2458767.9708]

>>> TEST 1: UNCONTROLLED CORRELATION (BASELINE)
      [CALC] r_original = -3.044049e-02
      [CALC] p_original = 8.27e-07
      [CALC] Significance: 4.93σ

>>> TEST 2: CONTROLLING FOR LINEAR TIME TREND
      [CALC] Time trend coefficient: -1.967789e-02
      [CALC] r_partial (time controlled): -2.759946e-02
      [CALC] p_partial: 7.87e-06
      [CALC] Signal attenuation: 9.3%

>>> TEST 3: CONTROLLING FOR QUADRATIC TIME TREND
      [CALC] r_partial (quad controlled): -3.214879e-02
      [CALC] p_partial: 1.93e-07

>>> TEST 4: CONTROLLING FOR SEASONAL AND LUNAR CYCLES
      [CALC] Controlled for: Annual, Sidereal (27.32d), Anomalistic (27.55d)
      [CALC] r_combined (all controlled): -3.477635e-02
      [CALC] p_combined: 1.79e-08
Results saved to results/outputs/step_010_systematic_control_analysis.json
✓   Control Analysis Complete.

✓  PASS  step_010_systematic_control_analysis.py  (0.9s)

──────────────────────────────────────────────────────────────────────
 [ 13/74]  Full Canonical: step_011_noise_signal_injection.py
──────────────────────────────────────────────────────────────────────

═══ Starting Noise/Signal Injection Tests...
    ============================================================
═══ NOISE/SIGNAL INJECTION TESTS - PIPELINE VALIDATION
⚠   WARNING: INJECTION TESTS PERTURB REAL INPOP19A RESIDUALS
    PURPOSE: ALGORITHM ROBUSTNESS TESTING ONLY
    ============================================================
    [DATA] Canonical 6σ cleaning: removed 762/26,207 observations
    [DATA] Original dataset: N=25,445 observations
    [DATA] Original RMS: 0.061667 m
    [DATA] Original residual range: [-0.238986, 0.238827] m

>>> TEST 1: NULL TEST (SHUFFLED RESIDUALS)
      Purpose: Verify that destroying phase correlation eliminates signal
      [CALC] Linear regression on shuffled data:
      [CALC]    η estimate: 1.998964e-05
      [CALC]    SNR: 0.33σ
      [CALC]    Expected: SNR < 3 (no signal in shuffled data)
✓     [RESULT] PASS ✓

>>> TEST 2: NOISE ROBUSTNESS (ADDITIVE GAUSSIAN NOISE)
      Purpose: Determine how much noise signal can survive
✓     [CALC] Noise level 0.5× RMS: η = -3.276981e-04, SNR = 4.84σ ✓
✓     [CALC] Noise level 1.0× RMS: η = -2.901994e-04, SNR = 3.40σ ✓
      [CALC] Noise level 2.0× RMS: η = -2.150282e-04, SNR = 1.61σ 
      [CALC] Noise level 3.0× RMS: η = -3.349155e-04, SNR = 1.74σ 

>>> TEST 3: SIGNAL RECOVERY (INJECTION INTO PURE NOISE)
      Purpose: Validate pipeline can recover known injected signals
      [DATA] Loaded measured η from step_003: -3.1773e-04
      [CALC] Injected signal parameters:
      [CALC]    η_injected: -3.177267e-04
      [CALC] Recovery results:
      [CALC]    η_recovered: -2.474605e-04
      [CALC]    Recovery error: 22.1%
      [CALC]    Recovery z-score: 1.16σ
      [CALC]    SNR: 4.08σ
✓     [RESULT] PASS ✓ (recovered η within 2σ of injected η)

>>> TEST 4: DETECTION THRESHOLD ANALYSIS
      Purpose: Compute minimum detectable η at various confidence levels
Results saved to results/outputs/step_011_noise_signal_injection.json
✓   Injection Tests Complete.

✓  PASS  step_011_noise_signal_injection.py  (0.9s)

──────────────────────────────────────────────────────────────────────
 [ 14/74]  Full Canonical: step_012_subsample_robustness.py
──────────────────────────────────────────────────────────────────────

═══ Starting Subsample Robustness Test...
    Linear Regression Complete (N=26207, DOF=26205):
      RSS=2.353485e+02, MSE=8.981055e-03, χ²_red=0.009
      Birge Ratio = 0.095 (Scaling factor applied: 1.000)
      Condition Number κ(R) = 2.12e+00
      Final η = -4.53298314e-04 ± 9.19473276e-05
    Linear Regression Complete (N=20965, DOF=20963):
      RSS=1.867979e+02, MSE=8.910837e-03, χ²_red=0.009
      Birge Ratio = 0.094 (Scaling factor applied: 1.000)
      Condition Number κ(R) = 2.12e+00
      Final η = -4.53564466e-04 ± 1.02586153e-04
    Linear Regression Complete (N=20965, DOF=20963):
      RSS=1.897301e+02, MSE=9.050712e-03, χ²_red=0.009
      Birge Ratio = 0.095 (Scaling factor applied: 1.000)
      Condition Number κ(R) = 2.12e+00
      Final η = -4.32499286e-04 ± 1.03208259e-04
    Linear Regression Complete (N=20965, DOF=20963):
      RSS=1.866686e+02, MSE=8.904668e-03, χ²_red=0.009
      Birge Ratio = 0.094 (Scaling factor applied: 1.000)
      Condition Number κ(R) = 2.11e+00
      Final η = -4.57913690e-04 ± 1.02210825e-04
    Linear Regression Complete (N=20965, DOF=20963):
      RSS=1.906332e+02, MSE=9.093796e-03, χ²_red=0.009
      Birge Ratio = 0.095 (Scaling factor applied: 1.000)
      Condition Number κ(R) = 2.12e+00
      Final η = -5.14052693e-04 ± 1.03669535e-04
    Linear Regression Complete (N=20965, DOF=20963):
      RSS=1.850537e+02, MSE=8.827636e-03, χ²_red=0.009
      Birge Ratio = 0.094 (Scaling factor applied: 1.000)
      Condition Number κ(R) = 2.12e+00
      Final η = -4.52889871e-04 ± 1.02098924e-04
    Linear Regression Complete (N=20965, DOF=20963):
      RSS=1.813564e+02, MSE=8.651262e-03, χ²_red=0.009
      Birge Ratio = 0.093 (Scaling factor applied: 1.000)
      Condition Number κ(R) = 2.11e+00
      Final η = -4.70513592e-04 ± 1.00781690e-04
    Linear Regression Complete (N=20965, DOF=20963):
      RSS=1.874802e+02, MSE=8.943387e-03, χ²_red=0.009
      Birge Ratio = 0.095 (Scaling factor applied: 1.000)
      Condition Number κ(R) = 2.12e+00
      Final η = -4.47877804e-04 ± 1.02565702e-04
    Linear Regression Complete (N=20965, DOF=20963):
      RSS=1.898481e+02, MSE=9.056342e-03, χ²_red=0.009
      Birge Ratio = 0.095 (Scaling factor applied: 1.000)
      Condition Number κ(R) = 2.11e+00
      Final η = -4.78509958e-04 ± 1.03155991e-04
    Linear Regression Complete (N=20965, DOF=20963):
      RSS=1.920552e+02, MSE=9.161628e-03, χ²_red=0.009
      Birge Ratio = 0.096 (Scaling factor applied: 1.000)
      Condition Number κ(R) = 2.11e+00
      Final η = -4.80639640e-04 ± 1.03810794e-04
    Linear Regression Complete (N=20965, DOF=20963):
      RSS=1.939952e+02, MSE=9.254170e-03, χ²_red=0.009
      Birge Ratio = 0.096 (Scaling factor applied: 1.000)
      Condition Number κ(R) = 2.12e+00
      Final η = -4.05616723e-04 ± 1.04411732e-04
    Linear Regression Complete (N=20965, DOF=20963):
      RSS=1.825826e+02, MSE=8.709758e-03, χ²_red=0.009
      Birge Ratio = 0.093 (Scaling factor applied: 1.000)
      Condition Number κ(R) = 2.12e+00
      Final η = -4.75383347e-04 ± 1.01131857e-04
    Linear Regression Complete (N=6817, DOF=6815):
      RSS=4.665247e+01, MSE=6.845556e-03, χ²_red=0.007
      Birge Ratio = 0.083 (Scaling factor applied: 1.000)
      Condition Number κ(R) = 2.48e+00
      Final η = -1.64531155e-04 ± 1.75279060e-04
    Linear Regression Complete (N=25470, DOF=25468):
      RSS=2.212218e+02, MSE=8.686264e-03, χ²_red=0.009
      Birge Ratio = 0.093 (Scaling factor applied: 1.000)
      Condition Number κ(R) = 2.09e+00
      Final η = -4.90006895e-04 ± 9.09688660e-05
    Linear Regression Complete (N=23068, DOF=23066):
      RSS=2.067142e+02, MSE=8.961856e-03, χ²_red=0.009
      Birge Ratio = 0.095 (Scaling factor applied: 1.000)
      Condition Number κ(R) = 2.05e+00
      Final η = -4.55607763e-04 ± 9.56864963e-05
    Linear Regression Complete (N=25861, DOF=25859):
      RSS=2.340236e+02, MSE=9.049987e-03, χ²_red=0.009
      Birge Ratio = 0.095 (Scaling factor applied: 1.000)
      Condition Number κ(R) = 2.11e+00
      Final η = -4.54544471e-04 ± 9.25726428e-05
    Linear Regression Complete (N=23612, DOF=23610):
      RSS=2.327587e+02, MSE=9.858480e-03, χ²_red=0.010
      Birge Ratio = 0.099 (Scaling factor applied: 1.000)
      Condition Number κ(R) = 2.14e+00
      Final η = -4.83731989e-04 ± 1.03090078e-04
    Linear Regression Complete (N=16512, DOF=16510):
      RSS=1.505185e+02, MSE=9.116806e-03, χ²_red=0.009
      Birge Ratio = 0.095 (Scaling factor applied: 1.000)
      Condition Number κ(R) = 2.18e+00
      Final η = -3.83640936e-04 ± 1.19413791e-04
    Linear Regression Complete (N=25838, DOF=25836):
      RSS=2.280602e+02, MSE=8.827226e-03, χ²_red=0.009
      Birge Ratio = 0.094 (Scaling factor applied: 1.000)
      Condition Number κ(R) = 2.11e+00
      Final η = -4.75946686e-04 ± 9.14312022e-05
    Linear Regression Complete (N=24638, DOF=24636):
      RSS=2.224188e+02, MSE=9.028201e-03, χ²_red=0.009
      Birge Ratio = 0.095 (Scaling factor applied: 1.000)
      Condition Number κ(R) = 2.09e+00
      Final η = -4.53821647e-04 ± 9.40206490e-05
    Linear Regression Complete (N=26034, DOF=26032):
      RSS=2.345283e+02, MSE=9.009230e-03, χ²_red=0.009
      Birge Ratio = 0.095 (Scaling factor applied: 1.000)
      Condition Number κ(R) = 2.11e+00
      Final η = -4.52268755e-04 ± 9.22269441e-05
    Linear Regression Complete (N=24910, DOF=24908):
      RSS=2.339901e+02, MSE=9.394175e-03, χ²_red=0.009
      Birge Ratio = 0.097 (Scaling factor applied: 1.000)
      Condition Number κ(R) = 2.13e+00
      Final η = -4.64464079e-04 ± 9.72669948e-05
    Linear Regression Complete (N=26207, DOF=26205):
      RSS=2.244278e+02, MSE=8.564311e-03, χ²_red=0.009
      Birge Ratio = 0.093 (Scaling factor applied: 1.000)
      Condition Number κ(R) = 2.46e+00
      Final η = -5.07552354e-05 ± 1.02917209e-04
Results saved to results/outputs/step_012_subsample_robustness.json
Results saved to results/outputs/step_012_station_dominance.json
✓   Robustness Analysis Complete.

✓  PASS  step_012_subsample_robustness.py  (1.0s)

──────────────────────────────────────────────────────────────────────
 [ 15/74]  Full Canonical: step_013_station_decomposition.py
──────────────────────────────────────────────────────────────────────

═══ Starting Station Decomposition Analysis...
    Linear Regression Complete (N=19390, DOF=19388):
      RSS=1.886682e+02, MSE=9.731186e-03, χ²_red=0.010
      Birge Ratio = 0.099 (Scaling factor applied: 1.000)
      Condition Number κ(R) = 2.04e+00
      Final η = -5.40178767e-04 ± 1.08752371e-04
    Linear Regression Complete (N=737, DOF=735):
      RSS=1.397850e+01, MSE=1.901837e-02, χ²_red=0.019
      Birge Ratio = 0.138 (Scaling factor applied: 1.000)
      Condition Number κ(R) = 4.15e+00
      Final η = 3.55351087e-03 ± 1.44874881e-03
    Linear Regression Complete (N=3139, DOF=3137):
      RSS=2.863186e+01, MSE=9.127146e-03, χ²_red=0.009
      Birge Ratio = 0.096 (Scaling factor applied: 1.000)
      Condition Number κ(R) = 3.06e+00
      Final η = -5.00935607e-04 ± 3.60578299e-04
    Linear Regression Complete (N=346, DOF=344):
      RSS=1.323291e+00, MSE=3.846776e-03, χ²_red=0.004
      Birge Ratio = 0.062 (Scaling factor applied: 1.000)
      Condition Number κ(R) = 3.40e+00
      Final η = -1.81311538e-05 ± 8.70658166e-04
    Linear Regression Complete (N=2595, DOF=2593):
      RSS=2.582927e+00, MSE=9.961152e-04, χ²_red=0.001
      Birge Ratio = 0.032 (Scaling factor applied: 1.000)
      Condition Number κ(R) = 1.95e+00
      Final η = -2.39835567e-04 ± 8.66412451e-05
Results saved to results/outputs/step_013_station_decomposition.json
✓   Decomposition Complete.

✓  PASS  step_013_station_decomposition.py  (0.9s)

──────────────────────────────────────────────────────────────────────
 [ 16/74]  Full Canonical: step_015_null_tests.py
──────────────────────────────────────────────────────────────────────

═══ Starting Null Tests...
    Spectral analysis complete (N_scan=400):
      Peak 1: f=2.3970 * synodic, SNR=3.59
      Peak 2: f=2.3872 * synodic, SNR=3.59
      Peak 3: f=2.4068 * synodic, SNR=3.59
      Peak 4: f=2.3774 * synodic, SNR=3.59
      Peak 5: f=2.4165 * synodic, SNR=3.59
>>> Found 5 non-physical harmonics for pre-whitening:
      Factor 2.3970 * Synodic (~12.3 days)
      Factor 2.3872 * Synodic (~12.4 days)
      Factor 2.4068 * Synodic (~12.3 days)
      Factor 2.3774 * Synodic (~12.4 days)
      Factor 2.4165 * Synodic (~12.2 days)
✓   Jointly whitened 5 harmonics (N_params=11)
    Linear Regression Complete (N=26207, DOF=26205):
      RSS=2.352174e+02, MSE=8.976049e-03, χ²_red=0.009
      Birge Ratio = 0.095 (Scaling factor applied: 1.000)
      Condition Number κ(R) = 1.07e+01
      Final η = 2.23502451e-07 ± 3.09559630e-04
    Linear Regression Complete (N=26207, DOF=26205):
      RSS=2.352174e+02, MSE=8.976049e-03, χ²_red=0.009
      Birge Ratio = 0.095 (Scaling factor applied: 1.000)
      Condition Number κ(R) = 8.22e+00
      Final η = 1.71528732e-07 ± 2.52024065e-04
    Linear Regression Complete (N=26207, DOF=26205):
      RSS=2.352174e+02, MSE=8.976049e-03, χ²_red=0.009
      Birge Ratio = 0.095 (Scaling factor applied: 1.000)
      Condition Number κ(R) = 6.49e+00
      Final η = 1.34049907e-07 ± 2.11123063e-04
    Linear Regression Complete (N=26207, DOF=26205):
      RSS=2.352174e+02, MSE=8.976049e-03, χ²_red=0.009
      Birge Ratio = 0.095 (Scaling factor applied: 1.000)
      Condition Number κ(R) = 5.24e+00
      Final η = 1.05997434e-07 ± 1.81130025e-04
    Linear Regression Complete (N=26207, DOF=26205):
      RSS=2.352174e+02, MSE=8.976049e-03, χ²_red=0.009
      Birge Ratio = 0.095 (Scaling factor applied: 1.000)
      Condition Number κ(R) = 4.32e+00
      Final η = 8.43166789e-08 ± 1.58603638e-04
    Linear Regression Complete (N=26207, DOF=26205):
      RSS=2.352174e+02, MSE=8.976049e-03, χ²_red=0.009
      Birge Ratio = 0.095 (Scaling factor applied: 1.000)
      Condition Number κ(R) = 3.64e+00
      Final η = 6.70747110e-08 ± 1.41377078e-04
    Linear Regression Complete (N=26207, DOF=26205):
      RSS=2.352174e+02, MSE=8.976049e-03, χ²_red=0.009
      Birge Ratio = 0.095 (Scaling factor applied: 1.000)
      Condition Number κ(R) = 3.14e+00
      Final η = 5.29968912e-08 ± 1.28033187e-04
    Linear Regression Complete (N=26207, DOF=26205):
      RSS=2.352174e+02, MSE=8.976049e-03, χ²_red=0.009
      Birge Ratio = 0.095 (Scaling factor applied: 1.000)
      Condition Number κ(R) = 2.76e+00
      Final η = 4.12119038e-08 ± 1.17615867e-04
    Linear Regression Complete (N=26207, DOF=26205):
      RSS=2.352174e+02, MSE=8.976049e-03, χ²_red=0.009
      Birge Ratio = 0.095 (Scaling factor applied: 1.000)
      Condition Number κ(R) = 2.49e+00
      Final η = 3.11045853e-08 ± 1.09463598e-04
    Linear Regression Complete (N=26207, DOF=26205):
      RSS=2.352174e+02, MSE=8.976049e-03, χ²_red=0.009
      Birge Ratio = 0.095 (Scaling factor applied: 1.000)
      Condition Number κ(R) = 2.30e+00
      Final η = 2.22275038e-08 ± 1.03109392e-04
    Linear Regression Complete (N=26207, DOF=26205):
      RSS=2.352174e+02, MSE=8.976049e-03, χ²_red=0.009
      Birge Ratio = 0.095 (Scaling factor applied: 1.000)
      Condition Number κ(R) = 2.18e+00
      Final η = 1.42460888e-08 ± 9.82184973e-05
    Linear Regression Complete (N=26207, DOF=26205):
      RSS=2.352174e+02, MSE=8.976049e-03, χ²_red=0.009
      Birge Ratio = 0.095 (Scaling factor applied: 1.000)
      Condition Number κ(R) = 2.22e+00
      Final η = -1.30910277e-08 ± 8.93119626e-05
    Linear Regression Complete (N=26207, DOF=26205):
      RSS=2.352174e+02, MSE=8.976049e-03, χ²_red=0.009
      Birge Ratio = 0.095 (Scaling factor applied: 1.000)
      Condition Number κ(R) = 2.31e+00
      Final η = -1.94913984e-08 ± 8.91575934e-05
    Linear Regression Complete (N=26207, DOF=26205):
      RSS=2.352174e+02, MSE=8.976049e-03, χ²_red=0.009
      Birge Ratio = 0.095 (Scaling factor applied: 1.000)
      Condition Number κ(R) = 2.42e+00
      Final η = -2.58765009e-08 ± 8.96831575e-05
    Linear Regression Complete (N=26207, DOF=26205):
      RSS=2.352174e+02, MSE=8.976049e-03, χ²_red=0.009
      Birge Ratio = 0.095 (Scaling factor applied: 1.000)
      Condition Number κ(R) = 2.50e+00
      Final η = -2.97036719e-08 ± 9.02998586e-05
    Linear Regression Complete (N=26207, DOF=26205):
      RSS=2.352174e+02, MSE=8.976049e-03, χ²_red=0.009
      Birge Ratio = 0.095 (Scaling factor applied: 1.000)
      Condition Number κ(R) = 2.55e+00
      Final η = -3.22484185e-08 ± 9.08278160e-05
    Linear Regression Complete (N=26207, DOF=26205):
      RSS=2.352174e+02, MSE=8.976049e-03, χ²_red=0.009
      Birge Ratio = 0.095 (Scaling factor applied: 1.000)
      Condition Number κ(R) = 2.70e+00
      Final η = -3.85408067e-08 ± 9.25194373e-05
    Linear Regression Complete (N=26207, DOF=26205):
      RSS=2.352174e+02, MSE=8.976049e-03, χ²_red=0.009
      Birge Ratio = 0.095 (Scaling factor applied: 1.000)
      Condition Number κ(R) = 2.84e+00
      Final η = -4.45929167e-08 ± 9.46591930e-05
    Linear Regression Complete (N=26207, DOF=26205):
      RSS=2.352174e+02, MSE=8.976049e-03, χ²_red=0.009
      Birge Ratio = 0.095 (Scaling factor applied: 1.000)
      Condition Number κ(R) = 2.99e+00
      Final η = -5.01214362e-08 ± 9.71040091e-05
    Linear Regression Complete (N=26207, DOF=26205):
      RSS=2.352174e+02, MSE=8.976049e-03, χ²_red=0.009
      Birge Ratio = 0.095 (Scaling factor applied: 1.000)
      Condition Number κ(R) = 3.12e+00
      Final η = -5.47036100e-08 ± 9.96502971e-05
    Linear Regression Complete (N=26207, DOF=26205):
      RSS=2.352174e+02, MSE=8.976049e-03, χ²_red=0.009
      Birge Ratio = 0.095 (Scaling factor applied: 1.000)
      Condition Number κ(R) = 3.24e+00
      Final η = -5.77969245e-08 ± 1.02026978e-04
    Linear Regression Complete (N=26207, DOF=26205):
      RSS=2.352174e+02, MSE=8.976049e-03, χ²_red=0.009
      Birge Ratio = 0.095 (Scaling factor applied: 1.000)
      Condition Number κ(R) = 3.33e+00
      Final η = -5.88267143e-08 ± 1.03910230e-04
    Linear Regression Complete (N=26207, DOF=26205):
      RSS=2.352174e+02, MSE=8.976049e-03, χ²_red=0.009
      Birge Ratio = 0.095 (Scaling factor applied: 1.000)
      Condition Number κ(R) = 3.37e+00
      Final η = -5.73539251e-08 ± 1.04970945e-04
    Linear Regression Complete (N=26207, DOF=26205):
      RSS=2.352174e+02, MSE=8.976049e-03, χ²_red=0.009
      Birge Ratio = 0.095 (Scaling factor applied: 1.000)
      Condition Number κ(R) = 3.36e+00
      Final η = -5.32771013e-08 ± 1.04951574e-04
    Linear Regression Complete (N=26207, DOF=26205):
      RSS=2.352174e+02, MSE=8.976049e-03, χ²_red=0.009
      Birge Ratio = 0.095 (Scaling factor applied: 1.000)
      Condition Number κ(R) = 3.30e+00
      Final η = -4.69564704e-08 ± 1.03744226e-04
    Linear Regression Complete (N=26207, DOF=26205):
      RSS=2.352174e+02, MSE=8.976049e-03, χ²_red=0.009
      Birge Ratio = 0.095 (Scaling factor applied: 1.000)
      Condition Number κ(R) = 3.19e+00
      Final η = -3.91553391e-08 ± 1.01427492e-04
    Linear Regression Complete (N=26207, DOF=26205):
      RSS=2.352174e+02, MSE=8.976049e-03, χ²_red=0.009
      Birge Ratio = 0.095 (Scaling factor applied: 1.000)
      Condition Number κ(R) = 3.04e+00
      Final η = -3.08099167e-08 ± 9.82379235e-05
    Linear Regression Complete (N=26207, DOF=26205):
      RSS=2.352174e+02, MSE=8.976049e-03, χ²_red=0.009
      Birge Ratio = 0.095 (Scaling factor applied: 1.000)
      Condition Number κ(R) = 2.88e+00
      Final η = -2.27617931e-08 ± 9.44932807e-05
    Linear Regression Complete (N=26207, DOF=26205):
      RSS=2.352174e+02, MSE=8.976049e-03, χ²_red=0.009
      Birge Ratio = 0.095 (Scaling factor applied: 1.000)
      Condition Number κ(R) = 2.70e+00
      Final η = -1.55903706e-08 ± 9.05100900e-05
    Linear Regression Complete (N=26207, DOF=26205):
      RSS=2.352174e+02, MSE=8.976049e-03, χ²_red=0.009
      Birge Ratio = 0.095 (Scaling factor applied: 1.000)
      Condition Number κ(R) = 2.52e+00
      Final η = -9.58358360e-09 ± 8.65487297e-05
    Linear Regression Complete (N=26207, DOF=26205):
      RSS=2.352174e+02, MSE=8.976049e-03, χ²_red=0.009
      Birge Ratio = 0.095 (Scaling factor applied: 1.000)
      Condition Number κ(R) = 2.35e+00
      Final η = -4.79915364e-09 ± 8.27934705e-05
    Linear Regression Complete (N=26207, DOF=26205):
      RSS=2.352174e+02, MSE=8.976049e-03, χ²_red=0.009
      Birge Ratio = 0.095 (Scaling factor applied: 1.000)
      Condition Number κ(R) = 2.20e+00
      Final η = -1.15156270e-09 ± 7.93571917e-05
    Linear Regression Complete (N=26207, DOF=26205):
      RSS=2.352174e+02, MSE=8.976049e-03, χ²_red=0.009
      Birge Ratio = 0.095 (Scaling factor applied: 1.000)
      Condition Number κ(R) = 2.06e+00
      Final η = 1.51474757e-09 ± 7.62970458e-05
    Linear Regression Complete (N=26207, DOF=26205):
      RSS=2.352174e+02, MSE=8.976049e-03, χ²_red=0.009
      Birge Ratio = 0.095 (Scaling factor applied: 1.000)
      Condition Number κ(R) = 1.93e+00
      Final η = 3.37753875e-09 ± 7.36315754e-05
    Linear Regression Complete (N=26207, DOF=26205):
      RSS=2.352174e+02, MSE=8.976049e-03, χ²_red=0.009
      Birge Ratio = 0.095 (Scaling factor applied: 1.000)
      Condition Number κ(R) = 1.82e+00
      Final η = 4.61091903e-09 ± 7.13549041e-05
    Linear Regression Complete (N=26207, DOF=26205):
      RSS=2.352174e+02, MSE=8.976049e-03, χ²_red=0.009
      Birge Ratio = 0.095 (Scaling factor applied: 1.000)
      Condition Number κ(R) = 1.72e+00
      Final η = 5.37393998e-09 ± 6.94469462e-05
    Linear Regression Complete (N=26207, DOF=26205):
      RSS=2.352174e+02, MSE=8.976049e-03, χ²_red=0.009
      Birge Ratio = 0.095 (Scaling factor applied: 1.000)
      Condition Number κ(R) = 1.64e+00
      Final η = 5.80696572e-09 ± 6.78800977e-05
    Linear Regression Complete (N=26207, DOF=26205):
      RSS=2.352174e+02, MSE=8.976049e-03, χ²_red=0.009
      Birge Ratio = 0.095 (Scaling factor applied: 1.000)
      Condition Number κ(R) = 1.57e+00
      Final η = 6.03118260e-09 ± 6.66232997e-05
    Linear Regression Complete (N=26207, DOF=26205):
      RSS=2.352174e+02, MSE=8.976049e-03, χ²_red=0.009
      Birge Ratio = 0.095 (Scaling factor applied: 1.000)
      Condition Number κ(R) = 1.52e+00
      Final η = 6.14836677e-09 ± 6.56443233e-05
    Linear Regression Complete (N=26207, DOF=26205):
      RSS=2.352174e+02, MSE=8.976049e-03, χ²_red=0.009
      Birge Ratio = 0.095 (Scaling factor applied: 1.000)
      Condition Number κ(R) = 1.48e+00
      Final η = 6.23918404e-09 ± 6.49109385e-05
    Linear Regression Complete (N=26207, DOF=26205):
      RSS=2.352174e+02, MSE=8.976049e-03, χ²_red=0.009
      Birge Ratio = 0.095 (Scaling factor applied: 1.000)
      Condition Number κ(R) = 1.45e+00
      Final η = 6.35899919e-09 ± 6.43914386e-05
    Linear Regression Complete (N=26207, DOF=26205):
      RSS=2.352174e+02, MSE=8.976049e-03, χ²_red=0.009
      Birge Ratio = 0.095 (Scaling factor applied: 1.000)
      Condition Number κ(R) = 1.43e+00
      Final η = 6.53063455e-09 ± 6.40548445e-05
    Linear Regression Complete (N=26207, DOF=26205):
      RSS=2.352174e+02, MSE=8.976049e-03, χ²_red=0.009
      Birge Ratio = 0.095 (Scaling factor applied: 1.000)
      Condition Number κ(R) = 1.42e+00
      Final η = 6.73391786e-09 ± 6.38710031e-05
    Linear Regression Complete (N=26207, DOF=26205):
      RSS=2.352174e+02, MSE=8.976049e-03, χ²_red=0.009
      Birge Ratio = 0.095 (Scaling factor applied: 1.000)
      Condition Number κ(R) = 1.42e+00
      Final η = 6.89230882e-09 ± 6.38107186e-05
    Linear Regression Complete (N=26207, DOF=26205):
      RSS=2.352174e+02, MSE=8.976049e-03, χ²_red=0.009
      Birge Ratio = 0.095 (Scaling factor applied: 1.000)
      Condition Number κ(R) = 1.42e+00
      Final η = 6.85743025e-09 ± 6.38459945e-05
    Linear Regression Complete (N=26207, DOF=26205):
      RSS=2.352174e+02, MSE=8.976049e-03, χ²_red=0.009
      Birge Ratio = 0.095 (Scaling factor applied: 1.000)
      Condition Number κ(R) = 1.43e+00
      Final η = 6.39291458e-09 ± 6.39504119e-05
    Linear Regression Complete (N=26207, DOF=26205):
      RSS=2.352174e+02, MSE=8.976049e-03, χ²_red=0.009
      Birge Ratio = 0.095 (Scaling factor applied: 1.000)
      Condition Number κ(R) = 1.44e+00
      Final η = 5.15949811e-09 ± 6.40996252e-05
    Linear Regression Complete (N=26207, DOF=26205):
      RSS=2.352174e+02, MSE=8.976049e-03, χ²_red=0.009
      Birge Ratio = 0.095 (Scaling factor applied: 1.000)
      Condition Number κ(R) = 1.45e+00
      Final η = 2.70360156e-09 ± 6.42719168e-05
    Linear Regression Complete (N=26207, DOF=26205):
      RSS=2.352174e+02, MSE=8.976049e-03, χ²_red=0.009
      Birge Ratio = 0.095 (Scaling factor applied: 1.000)
      Condition Number κ(R) = 1.47e+00
      Final η = -1.54841366e-09 ± 6.44487241e-05
    Linear Regression Complete (N=26207, DOF=26205):
      RSS=2.352174e+02, MSE=8.976049e-03, χ²_red=0.009
      Birge Ratio = 0.095 (Scaling factor applied: 1.000)
      Condition Number κ(R) = 1.48e+00
      Final η = -8.28858064e-09 ± 6.46150462e-05
    Linear Regression Complete (N=26207, DOF=26205):
      RSS=2.352174e+02, MSE=8.976049e-03, χ²_red=0.009
      Birge Ratio = 0.095 (Scaling factor applied: 1.000)
      Condition Number κ(R) = 1.49e+00
      Final η = -1.83173030e-08 ± 6.47596484e-05
    Linear Regression Complete (N=26207, DOF=26205):
      RSS=2.352174e+02, MSE=8.976049e-03, χ²_red=0.009
      Birge Ratio = 0.095 (Scaling factor applied: 1.000)
      Condition Number κ(R) = 1.49e+00
      Final η = -3.25249199e-08 ± 6.48750198e-05
    Linear Regression Complete (N=26207, DOF=26205):
      RSS=2.352174e+02, MSE=8.976049e-03, χ²_red=0.009
      Birge Ratio = 0.095 (Scaling factor applied: 1.000)
      Condition Number κ(R) = 1.50e+00
      Final η = -5.18655651e-08 ± 6.49570799e-05
    Linear Regression Complete (N=26207, DOF=26205):
      RSS=2.352174e+02, MSE=8.976049e-03, χ²_red=0.009
      Birge Ratio = 0.095 (Scaling factor applied: 1.000)
      Condition Number κ(R) = 1.50e+00
      Final η = -7.73244413e-08 ± 6.50046811e-05
    Linear Regression Complete (N=26207, DOF=26205):
      RSS=2.352174e+02, MSE=8.976049e-03, χ²_red=0.009
      Birge Ratio = 0.095 (Scaling factor applied: 1.000)
      Condition Number κ(R) = 1.50e+00
      Final η = -1.09879667e-07 ± 6.50189794e-05
    Deep Scan Multi-frequency Null Test Summary:
      Primary factor (1.23×) SNR: 0.00σ
      Worst clean null factor: 3.20×, SNR=0.00σ
Results saved to results/outputs/step_015_null_tests.json
✓   Null Tests Complete.

✓  PASS  step_015_null_tests.py  (1.5s)

──────────────────────────────────────────────────────────────────────
 [ 17/74]  Full Canonical: step_016_bayesian_analysis.py
──────────────────────────────────────────────────────────────────────

═══ Starting Bayesian MCMC Analysis...
    ============================================================
═══ BAYESIAN MCMC ANALYSIS - DETAILED TRACE
    ============================================================
    Applied 6σ-equivalent (MAD-based) outlier cleaning: removed 762/26207 outliers
    [DATA] Dataset: N=25445 observations
    [DATA] Residual mean: -3.597882e-04 m
    [DATA] Residual std:  6.166717e-02 m
    [DATA] Mean uncertainty: 9.201876e-02 m
    [DATA] cos(elongation) mean: -0.167153
    [DATA] cos(elongation) std:  0.491130
      [CALC] OLS-derived initial position: η=-3.177267e-04, b=-1.050206e-03

>>> MCMC CONFIGURATION
      [CALC] Number of walkers: 32
      [CALC] Total steps: 5000
      [CALC] Burn-in steps: 1000
      [CALC] Thinning factor: 20
      [CALC] Initial position: η=-3.177267e-04, b=-1.050206e-03
      [CALC] Prior bounds: η∈[-0.01, 0.01], b∈[-0.1, 0.1]
      [CALC] Expected samples after burn-in/thin: 6400
    Running MCMC with 32 walkers for 5000 steps...
  0%|          | 0/5000 [00:00<?, ?it/s]  1%|          | 34/5000 [00:00<00:15, 328.19it/s]  1%|▏         | 67/5000 [00:00<00:15, 322.60it/s]  2%|▏         | 100/5000 [00:00<00:15, 325.83it/s]  3%|▎         | 155/5000 [00:00<00:11, 412.11it/s]  4%|▍         | 203/5000 [00:00<00:11, 435.52it/s]  5%|▌         | 255/5000 [00:00<00:10, 462.05it/s]  6%|▌         | 302/5000 [00:00<00:10, 461.30it/s]  7%|▋         | 351/5000 [00:00<00:09, 468.66it/s]  8%|▊         | 398/5000 [00:00<00:10, 434.65it/s]  9%|▉         | 446/5000 [00:01<00:10, 446.26it/s] 10%|▉         | 492/5000 [00:01<00:10, 422.96it/s] 11%|█         | 536/5000 [00:01<00:10, 426.80it/s] 12%|█▏        | 588/5000 [00:01<00:09, 451.75it/s] 13%|█▎        | 634/5000 [00:01<00:09, 443.05it/s] 14%|█▎        | 685/5000 [00:01<00:09, 460.54it/s] 15%|█▍        | 741/5000 [00:01<00:08, 485.17it/s] 16%|█▌        | 790/5000 [00:01<00:08, 482.31it/s] 17%|█▋        | 839/5000 [00:01<00:08, 483.32it/s] 18%|█▊        | 897/5000 [00:01<00:08, 511.31it/s] 19%|█▉        | 949/5000 [00:02<00:08, 485.19it/s] 20%|█▉        | 998/5000 [00:02<00:08, 481.49it/s] 21%|██        | 1047/5000 [00:02<00:08, 462.42it/s] 22%|██▏       | 1112/5000 [00:02<00:07, 513.41it/s] 23%|██▎       | 1164/5000 [00:02<00:07, 503.76it/s] 24%|██▍       | 1215/5000 [00:02<00:07, 499.57it/s] 25%|██▌       | 1270/5000 [00:02<00:07, 512.96it/s] 26%|██▋       | 1322/5000 [00:02<00:07, 466.57it/s] 27%|██▋       | 1370/5000 [00:03<00:08, 432.10it/s] 28%|██▊       | 1419/5000 [00:03<00:08, 447.05it/s] 30%|██▉       | 1479/5000 [00:03<00:07, 488.61it/s] 31%|███       | 1529/5000 [00:03<00:07, 483.57it/s] 32%|███▏      | 1592/5000 [00:03<00:06, 524.12it/s] 33%|███▎      | 1646/5000 [00:03<00:06, 490.29it/s] 34%|███▍      | 1696/5000 [00:03<00:06, 491.25it/s] 35%|███▍      | 1746/5000 [00:03<00:07, 436.67it/s] 36%|███▌      | 1792/5000 [00:03<00:09, 343.09it/s] 37%|███▋      | 1858/5000 [00:04<00:07, 413.78it/s] 38%|███▊      | 1905/5000 [00:04<00:07, 413.77it/s] 39%|███▉      | 1967/5000 [00:04<00:06, 465.47it/s] 40%|████      | 2017/5000 [00:04<00:06, 463.75it/s] 41%|████▏     | 2066/5000 [00:04<00:06, 441.28it/s] 42%|████▏     | 2112/5000 [00:04<00:06, 445.50it/s] 43%|████▎     | 2163/5000 [00:04<00:06, 462.92it/s] 44%|████▍     | 2213/5000 [00:04<00:05, 472.35it/s] 45%|████▌     | 2262/5000 [00:04<00:06, 415.11it/s] 46%|████▋     | 2319/5000 [00:05<00:05, 451.31it/s] 47%|████▋     | 2366/5000 [00:05<00:06, 399.32it/s] 48%|████▊     | 2414/5000 [00:05<00:06, 419.66it/s] 49%|████▉     | 2458/5000 [00:05<00:06, 397.17it/s] 50%|█████     | 2510/5000 [00:05<00:05, 428.78it/s] 51%|█████▏    | 2571/5000 [00:05<00:05, 476.61it/s] 52%|█████▏    | 2621/5000 [00:05<00:05, 429.16it/s] 53%|█████▎    | 2666/5000 [00:05<00:05, 426.82it/s] 54%|█████▍    | 2710/5000 [00:06<00:05, 420.42it/s] 55%|█████▌    | 2753/5000 [00:06<00:06, 366.64it/s] 56%|█████▌    | 2802/5000 [00:06<00:05, 397.41it/s] 57%|█████▋    | 2854/5000 [00:06<00:05, 428.41it/s] 58%|█████▊    | 2913/5000 [00:06<00:04, 471.78it/s] 59%|█████▉    | 2965/5000 [00:06<00:04, 484.82it/s] 60%|██████    | 3015/5000 [00:06<00:04, 452.38it/s] 61%|██████▏   | 3064/5000 [00:06<00:04, 461.13it/s] 62%|██████▏   | 3112/5000 [00:06<00:04, 439.30it/s] 63%|██████▎   | 3157/5000 [00:07<00:04, 409.09it/s] 64%|██████▍   | 3199/5000 [00:07<00:04, 400.31it/s] 65%|██████▌   | 3250/5000 [00:07<00:04, 429.73it/s] 66%|██████▌   | 3297/5000 [00:07<00:03, 440.74it/s] 67%|██████▋   | 3342/5000 [00:07<00:04, 389.91it/s] 68%|██████▊   | 3383/5000 [00:07<00:04, 391.16it/s] 69%|██████▊   | 3427/5000 [00:07<00:03, 401.62it/s] 70%|██████▉   | 3481/5000 [00:07<00:03, 439.58it/s] 71%|███████   | 3526/5000 [00:07<00:03, 428.21it/s] 71%|███████▏  | 3570/5000 [00:08<00:03, 420.78it/s] 72%|███████▏  | 3613/5000 [00:08<00:03, 397.24it/s] 73%|███████▎  | 3654/5000 [00:08<00:03, 373.63it/s] 74%|███████▍  | 3700/5000 [00:08<00:03, 391.64it/s] 75%|███████▍  | 3741/5000 [00:08<00:03, 395.18it/s] 76%|███████▌  | 3784/5000 [00:08<00:03, 402.47it/s] 76%|███████▋  | 3825/5000 [00:08<00:03, 387.02it/s] 77%|███████▋  | 3869/5000 [00:08<00:02, 400.29it/s] 78%|███████▊  | 3912/5000 [00:08<00:02, 407.84it/s] 79%|███████▉  | 3954/5000 [00:09<00:02, 398.47it/s] 80%|████████  | 4004/5000 [00:09<00:02, 423.50it/s] 81%|████████  | 4051/5000 [00:09<00:02, 433.57it/s] 82%|████████▏ | 4095/5000 [00:09<00:02, 388.29it/s] 83%|████████▎ | 4135/5000 [00:09<00:02, 385.91it/s] 84%|████████▎ | 4175/5000 [00:09<00:02, 384.66it/s] 84%|████████▍ | 4214/5000 [00:09<00:02, 352.68it/s] 85%|████████▌ | 4251/5000 [00:09<00:02, 356.06it/s] 86%|████████▌ | 4288/5000 [00:09<00:02, 352.55it/s] 87%|████████▋ | 4339/5000 [00:10<00:01, 394.93it/s] 88%|████████▊ | 4393/5000 [00:10<00:01, 432.10it/s] 89%|████████▉ | 4449/5000 [00:10<00:01, 467.78it/s] 90%|████████▉ | 4498/5000 [00:10<00:01, 470.61it/s] 91%|█████████ | 4546/5000 [00:10<00:01, 429.24it/s] 92%|█████████▏| 4598/5000 [00:10<00:00, 449.20it/s] 93%|█████████▎| 4644/5000 [00:10<00:00, 425.53it/s] 94%|█████████▍| 4688/5000 [00:10<00:00, 404.01it/s] 95%|█████████▍| 4729/5000 [00:10<00:00, 382.62it/s] 95%|█████████▌| 4768/5000 [00:11<00:00, 368.28it/s] 96%|█████████▌| 4806/5000 [00:11<00:00, 368.08it/s] 97%|█████████▋| 4844/5000 [00:11<00:00, 363.45it/s] 98%|█████████▊| 4886/5000 [00:11<00:00, 378.82it/s] 99%|█████████▊| 4930/5000 [00:11<00:00, 389.93it/s]100%|█████████▉| 4975/5000 [00:11<00:00, 406.93it/s]100%|██████████| 5000/5000 [00:11<00:00, 428.56it/s]

>>> MCMC CHAIN DIAGNOSTICS
      [CALC] Acceptance fraction per walker:
      [CALC]    Walker  1: 0.718
      [CALC]    Walker  2: 0.717
      [CALC]    Walker  3: 0.705
      [CALC]    Walker  4: 0.714
      [CALC]    Walker  5: 0.706
      [CALC] Mean acceptance: 0.715 ± 0.007
      [CALC] Acceptable range: 0.2-0.5 (ensemble sampler)
      [CALC] Gelman-Rubin R̂ (convergence diagnostic):
✓     [CALC]    R̂_η = 0.9998 ✓ converged
✓     [CALC]    R̂_b = 1.0024 ✓ converged
      [CALC]    Target: R̂ < 1.1 for convergence
      [CALC] Post-burn-in chain shape: (4000, 32, 2)
      [CALC] Chain evolution (η):
      [CALC]    Step 0:   mean=-3.376661e-04, std=7.861787e-05
      [CALC]    Step 100: mean=-3.051212e-04, std=6.694349e-05
      [CALC]    Step 500: mean=-2.863036e-04, std=8.650011e-05
      [CALC]    Step 999: mean=-2.781037e-04, std=5.959593e-05

>>> POSTERIOR ANALYSIS
      [CALC] Effective samples: 6400
      [CALC] Thinning reduced samples by factor of 20.0
      [CALC] η posterior statistics:
      [CALC]    Mean:   -2.872742e-04
      [CALC]    Std:    6.673411e-05
      [CALC]    Median: -2.880160e-04
      [CALC]    68% CI: [-3.530570e-04, -2.216795e-04]
      [CALC]    95% CI: [-4.164677e-04, -1.566041e-04]
✓     [CALC]    Includes η=0? NO
      [CALC] b (intercept) posterior statistics:
      [CALC]    Mean:   -4.019326e-04 m
      [CALC]    Std:    4.747791e-04 m
      [CALC] η posterior percentiles:
      [CALC]     1th: -4.444837e-04
      [CALC]     5th: -3.968554e-04
      [CALC]    10th: -3.719000e-04
      [CALC]    25th: -3.329107e-04
      [CALC]    50th: -2.880160e-04
      [CALC]    75th: -2.423290e-04
      [CALC]    90th: -2.026021e-04
      [CALC]    95th: -1.764991e-04
      [CALC]    99th: -1.323049e-04
      [CALC] Savage-Dickey Bandwidth Sensitivity:
      [CALC]    scott_default: 7.43e+01
      [CALC]    silverman: 6.25e+01
      [CALC]    narrow_0.5x: 1.06e+01
      [CALC]    wide_2.0x: 1.19e-01
      [CALC]    Range: 1.19e-01 – 7.43e+01 (ratio 623.1x)
⚠     [CALC]    Verdict: Sensitive to bandwidth choice

>>> BAYES FACTOR CALCULATION
      [CALC] Savage-Dickey Density Ratio:
      [CALC]    Prior density at η=0:    5.00e+01
      [CALC]    Posterior KDE at η=0:   6.73e-01
      [CALC]    BF_SD = prior/post =    7.43e+01
      [CALC] BIC Approximation:
      [CALC]    RSS (null model):       96.7633
      [CALC]    RSS (TEP model):        96.6681
      [CALC]    BIC_0 (null):           -141769.58
      [CALC]    BIC_1 (TEP):            -141784.46
      [CALC]    ΔBIC = BIC_0 - BIC_1:   14.88
      [CALC]    BF_BIC = exp(0.5×ΔBIC): 1.71e+03
      [CALC] log₁₀(BF) = 3.23
✓     [CALC] Evidence strength: Decisive
      [CALC] P(TEP|data) with equal priors: 0.999414

    ============================================================
═══ BAYESIAN ANALYSIS SUMMARY
    ============================================================
      Posterior η: -2.872742e-04 ± 6.673411e-05
      95% CI:      [-4.164677e-04, -1.566041e-04]
✓     Bayes Factor: 1.71e+03 (Decisive evidence)
Results saved to results/outputs/step_016_bayesian_analysis.json
✓   Bayesian Analysis Complete.

✓  PASS  step_016_bayesian_analysis.py  (12.8s)

──────────────────────────────────────────────────────────────────────
 [ 18/74]  Full Canonical: step_017_leverage_diagnostics.py
──────────────────────────────────────────────────────────────────────

═══ ═══ Starting Step 017: Leverage Diagnostics Investigation...
    ═══ STEP PURPOSE: Investigate OLS/Theil-Sen factor-of-2 discrepancy and leverage influence on TEP detection
    ═══ METHOD: High-leverage point phase mapping, phased leverage removal, Cook's D excision, bootstrap influence analysis
    ═══ PARAMETERS: Cook's D threshold=4/n, Theil-Sen sample size=10000, bootstrap samples=500
Step 017: Leverage Diagnostics Investigation
    ═══ DATA SUMMARY
        Dataset: N = 26,207 observations
        Data source: INPOP19a_all_stations_residuals.csv
        Mean leverage: 7.631549e-05
        High-leverage threshold: 1.526310e-04
        High-leverage points: 1,432 (5.5%)
    ═══ ANALYSIS TRACE
>>> >>> Analyzing high-leverage point distribution across elongation phases
        Distribution pattern: distributed
High-leverage distribution: distributed
>>> >>> Testing signal persistence with phased leverage removal
>>> >>> Running bootstrap leverage influence analysis
Running bootstrap leverage analysis...
>>> >>> Executing formal Cook's D leverage excision
Executing Formal Cook's D Leverage Excision...
        Excised η (OLS): -3.305e-04 ± 5.847e-05 (SNR: 5.65σ)
Excised ETA (OLS): -3.305e-04 ± 5.847e-05 (SNR: 5.65σ)
    ═══ RESULTS SUMMARY
        Full sample η (OLS): -4.533e-04
        Full sample η (Theil-Sen): -2.938e-04
        OLS/Theil-Sen ratio: 1.54x
        Excised η (Cook's D): -3.305e-04 ± 5.847e-05
        Excised SNR: 5.65σ
        Points removed: 1,031 (3.9%)
    ═══ INTERPRETATION
        Leverage influence assessment: high
        Cook's D excision provides robust η estimate while maintaining high SNR
        Recommended for manuscript: CosD-only Cook's-D leverage excision (Step 017): η = -3.31e-04 ± 5.85e-05 (5.65σ). Headline inference uses precision-weighted full-systematic regression (Step 050); treat this cosD-only excision as a secondary leverage diagnostic, not the primary headline.
    ═══ REPRODUCIBILITY
        Output file: results/outputs/step_017_leverage_diagnostics.json
        Cook's D threshold: 4/n
        Theil-Sen sample size: 10000
        Bootstrap samples: 1000
Results saved to results/outputs/step_017_leverage_diagnostics.json
Recommended reporting: CosD-only Cook's-D leverage excision (Step 017): η = -3.31e-04 ± 5.85e-05 (5.65σ). Headline inference uses precision-weighted full-systematic regression (Step 050); treat this cosD-only excision as a secondary leverage diagnostic, not the primary headline.
✓   Recommended reporting: CosD-only Cook's-D leverage excision (Step 017): η = -3.31e-04 ± 5.85e-05 (5.65σ). Headline inference uses precision-weighted full-systematic regression (Step 050); treat this cosD-only excision as a secondary leverage diagnostic, not the primary headline.

✓  PASS  step_017_leverage_diagnostics.py  (3.5s)

──────────────────────────────────────────────────────────────────────
 [ 19/74]  Full Canonical: step_018_station_quality.py
──────────────────────────────────────────────────────────────────────

═══ ═══ Starting Step 018: Station Quality Diagnostics...
    ═══ STEP PURPOSE: Investigate Haleakala and other station anomalies through quality metrics
    ═══ METHOD: Quality metrics comparison (RMS, outlier rate, gaps), systematic correlation analysis, quality-cut sensitivity tests
    ═══ PARAMETERS: IQR outlier threshold=3×, quality cut max residual=0.5m
Step 018: Station Quality Diagnostics
    ═══ DATA SUMMARY
        Dataset: N = 26,207 observations
        Stations: ['APO', 'Grasse', 'Haleakala', 'Matera', 'McDonald2']
        Data source: INPOP19a_all_stations_residuals.csv
    ═══ ANALYSIS TRACE
>>> >>> Analyzing station quality metrics across all stations
Analyzing station quality metrics...
>>> >>> Detailed analysis of Haleakala anomaly
Detailed analysis of Haleakala anomaly...
>>> >>> Testing Haleakala quality cuts
Testing Haleakala quality cuts...
>>> >>> Analyzing McDonald2 era split
    ═══ RESULTS SUMMARY
        Stations analyzed: 5
        Quality outliers identified: 0
        Haleakala RMS: 13.8 cm
        Haleakala n_obs: 737
        Haleakala likely causes: ['small_sample']
        Multi-station confidence: HIGH
    ═══ INTERPRETATION
        Haleakala positive η explained by: small_sample
        Station quality analysis tests for systematic biases
        Quality-cut sensitivity tests validate signal robustness
    ═══ REPRODUCIBILITY
        Output file: results/outputs/step_018_station_quality.json
        IQR outlier threshold: 3×
        Quality cut max residual: 0.5m
Haleakala RMS: 13.8 cm
Haleakala n_obs: 737
Haleakala likely causes: ['small_sample']
Results saved to results/outputs/step_018_station_quality.json

✓  PASS  step_018_station_quality.py  (0.4s)

──────────────────────────────────────────────────────────────────────
 [ 20/74]  Full Canonical: step_019_systematic_monte_carlo.py
──────────────────────────────────────────────────────────────────────

═══ ═══ Starting Step 019: Systematic Error Monte Carlo Propagation...
    ═══ STEP PURPOSE: Quantify systematic uncertainty through Monte Carlo error propagation for TEP detection
    ═══ METHOD: Ephemeris uncertainties, tidal model variations, atmospheric delay errors, instrumental calibration uncertainties
    ═══ PARAMETERS: MC iterations=500, seed=42, ephemeris position error=0.5m, tidal Love number error=0.01, atmospheric zenith error=5mm
Step 019: Systematic Error Monte Carlo Propagation
    ═══ DATA SUMMARY
        Dataset: N = 26,207 observations
        Data source: INPOP19a_all_stations_residuals.csv
    ═══ ANALYSIS TRACE
Loaded 26207 observations
>>> >>> Running ephemeris uncertainty MC
>>> >>> Running tidal uncertainty MC
>>> >>> Running atmospheric uncertainty MC
>>> >>> Running instrumental uncertainty MC
>>> >>> Running combined systematic MC
Running ephemeris uncertainty MC...
Running tidal uncertainty MC...
Running atmospheric uncertainty MC...
Running instrumental uncertainty MC...
Running combined systematic MC...
    ═══ RESULTS SUMMARY
        Statistical error: ±6.61e-05
        Systematic error: ±2.07e-04
        Total uncertainty: ±2.18e-04
        Signal/Total ratio: 2.1
        Dominant source: SYSTEMATIC
    ═══ INTERPRETATION
        Systematic errors dominate over statistical precision at LLR precision levels
        Data-driven systematic budget: 0.27 cm from step_008_systematic_error_analysis.json
        Recommendation: Report both statistical and systematic uncertainties
    ═══ REPRODUCIBILITY
        Output file: results/outputs/step_019_systematic_monte_carlo.json
        MC iterations: 500
        Random seed: 42
        Statistical error source: step_003_statistical_analysis.json
Results saved to results/outputs/step_019_systematic_monte_carlo.json
Statistical error: ±6.61e-05
Systematic error: ±2.07e-04
Total uncertainty: ±2.18e-04
Signal/Total ratio: 2.1
Dominant source: SYSTEMATIC

✓  PASS  step_019_systematic_monte_carlo.py  (4.6s)

──────────────────────────────────────────────────────────────────────
 [ 21/74]  Full Canonical: step_020_temporal_amplitude.py
──────────────────────────────────────────────────────────────────────

═══ ═══ Starting Step 020: Temporal Amplitude Evolution Analysis...
    ═══ STEP PURPOSE: Investigate whether TEP signal amplitude varies over time (secular trends, instrumental changes)
    ═══ METHOD: Sliding window correlation analysis, secular trend testing, instrumental timeline correlation
    ═══ PARAMETERS: Window size=5 years, step size=2 years, station window=7 years
Step 020: Temporal Amplitude Evolution Analysis
    ═══ DATA SUMMARY
        Dataset: N = 26,207 observations
        Data source: INPOP19a_all_stations_residuals.csv
    ═══ ANALYSIS TRACE
>>> >>> Running sliding window analysis
Running sliding window analysis...
>>> >>> Testing for secular trends
Testing for secular trends...
>>> >>> Correlating with instrumental timeline
Correlating with instrumental timeline...
>>> >>> Station-specific temporal analysis (Grasse, APO)
Station-specific temporal analysis...
    ═══ RESULTS SUMMARY
        Windows analyzed: 16
        Significant windows: 7
        Amplitude trend significant: False
        Consistency assessment: amplitude_varies_significantly
    ═══ INTERPRETATION
        Trend interpretation: amplitude_varies_instrumental
        Physical variation likely: False
        Systematic drift likely: True
    ═══ REPRODUCIBILITY
        Output file: results/outputs/step_020_temporal_amplitude.json
        Window size: 5 years
        Step size: 2 years
Results saved to results/outputs/step_020_temporal_amplitude.json
Windows analyzed: 16
Significant windows: 7
Trend interpretation: amplitude_varies_instrumental

✓  PASS  step_020_temporal_amplitude.py  (1.0s)

──────────────────────────────────────────────────────────────────────
 [ 22/74]  Full Canonical: step_021_ipw_validation.py
──────────────────────────────────────────────────────────────────────

═══ ═══ Starting Step 021: IPW Criteria Monte Carlo Validation...
    ═══ STEP PURPOSE: Validate IPW station-balance test threshold (Δη/ση < 8.0) through simulation
    ═══ METHOD: Simulate station-concentrated signals, measure Δη/ση distribution, compute false positive rate
    ═══ PARAMETERS: MC iterations=500, seed=42, station fractions matching actual LLR data
Step 021: IPW Criteria Monte Carlo Validation
    ═══ DATA SUMMARY
        Measured η from step_003: -3.1773e-04
Loaded measured η from step_003: -3.1773e-04
        Station fractions: Grasse=74%, APO=9.9%, Matera=1.3%, McDonald2=12%, Haleakala=2.8%
    ═══ ANALYSIS TRACE
>>> >>> Simulating 500 genuine signals
>>> >>> Simulating 500 null signals
Simulating 500 genuine signals...
Simulating 500 null signals...
    ═══ RESULTS SUMMARY
        Genuine signal pass rate at 8σ: 100.0%
        Null false positive rate: 0.0%
        Same sign consistency: 98.2%
        Expected Δσ for genuine: 0.7 ± 0.5σ
    ═══ INTERPRETATION
        8.0σ threshold captures 100.0% of genuine signals
        False positive risk: 0.0% (acceptable)
        Same sign reliability: 98.2% (highly reliable)
        IPW test valid for station-balance validation with 8.0σ threshold
    ═══ REPRODUCIBILITY
        Output file: results/outputs/step_021_ipw_validation.json
        MC iterations: 500
        Random seed: 42
        η source: step_003_statistical_analysis.json
Results saved to results/outputs/step_021_ipw_validation.json
Genuine signal pass rate at 8σ: 100.0%
Null false positive rate: 0.0%
Same sign consistency: 98.2%

✓  PASS  step_021_ipw_validation.py  (8.0s)

──────────────────────────────────────────────────────────────────────
 [ 23/74]  Full Canonical: step_022_environmental_modulation.py
──────────────────────────────────────────────────────────────────────

    Computing Earth-Sun distances via Skyfield...
    Using ephemeris: data/raw/de440.bsp
    Computed distances for 25,445 cleaned observations.
    Distance range: 0.9832 AU to 1.0168 AU
    Removed 762 outliers (6σ threshold)

>>> --- DIFFERENTIAL SUPPRESSION ANALYSIS ---
    Hypothesis: Eta magnitude should scale with solar scalar gradient (varies with solar distance)
    Perihelion threshold: r <= 15th percentile
    Aphelion threshold: r >= 85th percentile

    DEEP PERIHELION (High Shear, r <= 15th percentile):
      N = 3,817
      η = -2.8082e-04 ± 1.9181e-04
      SNR = 1.46σ

    DEEP APHELION (Low Shear, r >= 85th percentile):
      N = 3,818
      η = 7.1236e-05 ± 1.5734e-04
      SNR = 0.45σ
Results saved to results/outputs/step_022_environmental_modulation.json
✓   Environmental Modulation Tests Complete.

✓  PASS  step_022_environmental_modulation.py  (1.0s)

──────────────────────────────────────────────────────────────────────
 [ 24/74]  Full Canonical: step_023_solar_cycle_correlation.py
──────────────────────────────────────────────────────────────────────

═══ ═══ Starting Step 023: Solar Cycle Correlation & Haleakala Station Anomaly...
    ═══ STEP PURPOSE: Test if TEP signal correlates with 11-year solar cycle and investigate Haleakala anomaly
    ═══ METHOD: Compare η at solar minima vs maxima, Monte Carlo permutation test
    ═══ DATA SUMMARY
        Dataset: N = 26,207 observations
        Data source: INPOP19a_all_stations_residuals.csv
        Applied 6σ-equivalent (MAD-based) outlier cleaning: removed 762/26207 outliers
        Cleaned dataset: N = 25,445 observations
/Users/matthewsmawfield/www/Temporal Equivalence Principle/TEP-LLR/scripts/steps/step_023_solar_cycle_correlation.py:77: SettingWithCopyWarning: 
A value is trying to be set on a copy of a slice from a DataFrame.
Try using .loc[row_indexer,col_indexer] = value instead

See the caveats in the documentation: https://pandas.pydata.org/pandas-docs/stable/user_guide/indexing.html#returning-a-view-versus-a-copy
  df_clean['solar_activity'] = solar_idx
    ═══ ANALYSIS TRACE
>>> >>> Comparing TEP signal at solar minima vs maxima
        Low solar activity (index < 0.1): N = 10,234
        High solar activity (index > 0.9): N = 1,344
>>> >>> Investigating Haleakala station anomaly
    ═══ RESULTS SUMMARY
        Solar modulation differential: -1.8876e-03 ± 5.2704e-04
        Differential significance: 3.58σ
        Empirical p-value: 0.0000
        Haleakala η: 2.5708e-03 ± 1.1645e-03
    ═══ INTERPRETATION
        Solar cycle modulation test: SIGNIFICANT
        Haleakala anomaly: EXPLAINED by solar cycle timing
        Limitations: Solar activity index is simplified sine wave model
    ═══ REPRODUCIBILITY
        Output file: results/outputs/step_023_solar_cycle_correlation.json
        Permutations: 10000
        Random seed: 42
Results saved to results/outputs/step_023_solar_cycle_correlation.json
✓   Solar Cycle Correlation Complete.

✓  PASS  step_023_solar_cycle_correlation.py  (12.4s)

──────────────────────────────────────────────────────────────────────
 [ 25/74]  Full Canonical: step_024_thermal_array_modeling.py
──────────────────────────────────────────────────────────────────────

═══ ═══ Starting Thermal Array Modeling...
    ═══ STEP PURPOSE: Calculate theoretical thermal expansion of Apollo retroreflector housings across lunar synodic phase
    ═══ METHOD: Compare aluminum/silica coefficient of thermal expansion over lunar day-night cycle against TEP signal
    ═══ PARAMETERS: Night temp=100K, Day temp=390K, CTE aluminum=23.6e-6, CTE silica=0.55e-6, array thickness=0.15m
>>> Starting Thermal Array Modeling...
    ═══ DATA SUMMARY
        Measured η from step_003: -3.1773e-04
        Computed TEP amplitude: 4.13 mm
Loaded measured η from step_003: -3.1773e-04
Computed TEP amplitude: 4.13 mm
    ═══ ANALYSIS TRACE
>>> >>> Computing maximum aluminum housing thermal expansion
>>> >>> Computing maximum fused silica thermal expansion
>>> >>> Comparing thermal expansion to TEP signal amplitude
    ═══ RESULTS SUMMARY
        Max Aluminum Expansion: 1.027 mm
        Max Fused Silica Expansion: 0.024 mm
        Observed TEP Amplitude: 4.1 mm
        Aluminum/TEP ratio: 24.9%
    ═══ INTERPRETATION
        Is Thermal Artifact Plausible? False
        Structural thermal deformation cannot explain the TEP anomaly
        Maximum aluminum expansion is only 24.9% of TEP signal
    ═══ REPRODUCIBILITY
        Output file: results/outputs/step_024_thermal_array_modeling.json
        Temperature range: 100.0K - 390.0K
        Array thickness: 0.15m
        η source: step_003_statistical_analysis.json
    Max Aluminum Expansion: 1.027 mm
    Observed TEP Amplitude: 4.1 mm
    Is Thermal Artifact Plausible? False
✓   Thermal Array Modeling Complete.
    Saved results to results/outputs/step_024_thermal_array_modeling.json

✓  PASS  step_024_thermal_array_modeling.py  (0.6s)

──────────────────────────────────────────────────────────────────────
 [ 26/74]  Full Canonical: step_025_leverage_temporal_clustering.py
──────────────────────────────────────────────────────────────────────

═══ ═══ Starting Leverage Temporal Clustering analysis...
    ═══ STEP PURPOSE: Identify high-leverage points from OLS fit and bin into temporal epochs to investigate OLS vs Theil-Sen divergence
    ═══ METHOD: Cook's Distance calculation, temporal binning (5-year epochs), station distribution analysis
    ═══ PARAMETERS: Cook's D threshold=4/n, epoch bin size=5 years
>>> Starting Leverage Temporal Clustering analysis...
    ═══ DATA SUMMARY
        Dataset: N = 26,207 observations
        Data source: INPOP19a_all_stations_residuals.csv
    ═══ ANALYSIS TRACE
>>> >>> Calculating Cook's Distance for all observations
>>> >>> Identifying high-leverage points (threshold = 1.526310e-04)
>>> >>> Binning high-leverage points into 5-year epochs
>>> >>> Analyzing station distribution of high-leverage points
    ═══ RESULTS SUMMARY
        Total High-Leverage Points: 1,031
        Cook's D threshold: 1.526310e-04
        Clustered Anomalies Detected: True
        Grasse Dominated: True
    ═══ INTERPRETATION
        High-leverage points binned into 5-year epochs
        Overrepresentation factor > 1.5 indicates specific hardware era or localized anomaly
        Station distribution analysis tests for instrument-specific effects
    ═══ REPRODUCIBILITY
        Output file: results/outputs/step_025_leverage_temporal_clustering.json
        Cook's D threshold: 4/n
        Epoch bin size: 5 years
        Data source: INPOP19a_all_stations_residuals.csv
    Total High-Leverage Points: 1031
    Clustered Anomalies Detected? True
✓   Leverage Temporal Clustering Complete.
    Saved results to results/outputs/step_025_leverage_temporal_clustering.json

✓  PASS  step_025_leverage_temporal_clustering.py  (0.4s)

──────────────────────────────────────────────────────────────────────
 [ 27/74]  Full Canonical: step_026_tep_core_density_simulation.py
──────────────────────────────────────────────────────────────────────

>>> Starting TEP Core Density Simulation...
Using ρ_T = 20.0 g/cm³ from GNSS atomic clock correlations (Paper 6, UCD) (independent prior from GNSS)
Calculating Earth and Moon shielding factors from density profiles...
    Earth shielding factor: 3.7098e-02
    Moon shielding factor: 4.9002e-03
    Measured η from LLR: -3.1773e-04 ± 6.0519e-05
    Volumetric η prediction: -9.6594e-05
    (α_0 = 0.003, shielding differential = 3.2198e-02)
    Effective coupling (diagnostic): η/Δshielding = 9.8679e-03
    Shielding differential: 3.2198e-02
    Measured / volumetric prediction ratio: 3.29
    Shielding differential: 3.22e-02
✓   TEP Core Density Simulation Complete.
    Saved results to results/outputs/step_026_tep_core_density_simulation.json

✓  PASS  step_026_tep_core_density_simulation.py  (0.5s)

──────────────────────────────────────────────────────────────────────
 [ 28/74]  Full Canonical: step_027_day_night_thermal_bias.py
──────────────────────────────────────────────────────────────────────

Computing Solar Altitude for 26,000+ observations... (Vectorized for M4 Pro)
DAY / NIGHT THERMAL FALSE POSITIVE INVESTIGATION

  Station     N  Day_Ranged_Percent  Day_Minus_Night_Bias_mm  Spurious_Eta  Original_Eta  Cleaned_Eta_After_Solar_Modeling  Cleaned_P_Val
   Grasse 19390           44.321815                -3.138390     -0.000241     -0.000540                         -0.000506       0.000006
Haleakala   737           33.378562                41.637844      0.003203      0.003554                          0.003103       0.031702
McDonald2  3139           42.179038               -16.557208     -0.001274     -0.000501                         -0.000319       0.376619
   Matera   346           21.676301               -28.043038     -0.002157     -0.000018                          0.000727       0.410232
      APO  2595           45.741811                 6.545285      0.000503     -0.000240                         -0.000310       0.000392
GLOBAL ANALYSIS:
Original Global Eta: -0.00045329831411731385
Solar Altitude Parameter: -3.442668500218383e-05 p-val: 0.2811759875205231
Cleaned Global Eta (Controlling for Sun Altitude/Thermal): -0.00041910174556217456
Cleaned Global P-Value for Cos(Elongation): 7.7468819137394e-06
Results saved to results/outputs/step_027_day_night_thermal_bias.json

✓  PASS  step_027_day_night_thermal_bias.py  (3.5s)

──────────────────────────────────────────────────────────────────────
 [ 29/74]  Full Canonical: step_028_geometric_elongation.py
──────────────────────────────────────────────────────────────────────

Computing True Geometric Vectors from Astropy (J2000 Ephemeris)... (Vectorized for M4 Pro)
================================================================================
GEOMETRIC VS MEAN PHASE VULNERABILITY INVESTIGATION
================================================================================
Mean Approximation Eta:  -0.00045330 (p-val: 8.2741e-07)
True Geometric Eta:      -0.00045342 (p-val: 8.2179e-07)

Partial Regression (Competing predictors):
   Coefficient for Mean: 21.311896493169023
   Coefficient for True: -21.317714090646014
   P-val for Mean: 1.1025161446109127e-06
   P-val for True: 1.0950225079711573e-06
   Corr(cos_mean, cos_true): 1.000000
   VIF (two-predictor): 1.34e+07
   Condition number (design): 1.11e+04

CONCLUSION: After geometric recomputation, cos(D_mean) and cos(D_true) are nearly collinear. The two-predictor partial regression is ill-conditioned and cannot adjudicate dominance. The defensible result is that both single-predictor fits yield the same negative η at essentially identical significance, rejecting the hypothesis that the detection is an artefact of a mean-phase proxy.
Results saved to results/outputs/step_028_geometric_elongation.json

✓  PASS  step_028_geometric_elongation.py  (5.5s)

──────────────────────────────────────────────────────────────────────
 [ 30/74]  Full Canonical: step_029_station_power_analysis.py
──────────────────────────────────────────────────────────────────────

═══ Starting Step 029: Station Power & Grasse Dominance Assessment...
═══ ═══ Starting Step 029: Station Power & Grasse Dominance Assessment...
    ═══ STEP PURPOSE: Assess per-station statistical power and address Grasse dominance concern
    ═══ METHOD: Expected vs observed SNR analysis, Monte Carlo IPW simulation, precision-weighted regression
    ═══ DATA SUMMARY
        Dataset: N = 25,445 observations
        Measured global η: -3.17726662e-04
        Stations: ['APO', 'Grasse', 'Haleakala', 'Matera', 'McDonald2']
    ═══ ANALYSIS TRACE
>>> >>> Performing per-station power analysis
    ═══ RESULTS SUMMARY
        Expected powered stations: 2
        Actually powered stations: 1
⚠       Overall verdict: QUALIFIED
    ═══ INTERPRETATION
        Station-level detections (SNR ≥ 3σ): 1
        Detection relies on combined analysis with N = 25,445 observations
⚠       Expected-power miss(es): APO; station-power result is qualified
    ═══ REPRODUCIBILITY
        Output file: results/outputs/step_029_station_power_analysis.json
        Analysis components: Per-station power, phase coverage, IPW simulation, precision-weighted regression
✓   Results saved to results/outputs/step_029_station_power_analysis.json
⚠   Status: QUALIFIED

⚠  WARNING  step_029_station_power_analysis.py  (22.8s)
   output check: fresh output verified with status=WARNING

──────────────────────────────────────────────────────────────────────
 [ 31/74]  Full Canonical: step_030_hardware_epoch_analysis.py
──────────────────────────────────────────────────────────────────────

═══ Starting Step 030: Hardware Epoch Consistency Analysis...
═══ ═══ Starting Step 030: Hardware Epoch Consistency Analysis...
    ═══ STEP PURPOSE: Test whether temporal χ²/dof variation reflects instrumental artifacts or genuine gravitational signal
    ═══ METHOD: Per-hardware-epoch η fits, expected χ² under heteroscedastic noise, amplitude-RMS correlation, sign-consistency audit
    ═══ DATA SUMMARY
        Dataset: N = 26,207 observations
        Stations: ['APO', 'Grasse', 'Haleakala', 'Matera', 'McDonald2']
        Global η from step_003: -3.17726662e-04
    ═══ ANALYSIS TRACE
    ═══ RESULTS SUMMARY
        Epochs analyzed: 7
        Epochs with negative η: 6/7
        All powered epochs negative: True
        χ²/dof observed: 3.95
        χ²/dof expected median: 0.89
        χ² percentile in expected distribution: 100%
        Temporal χ² status: EXCESS_VARIANCE_BUT_SIGN_CONSISTENT
    ═══ INTERPRETATION
        Sign consistency across independent hardware epochs rules out instrumental systematics
        χ² percentile 100% indicates epoch-varying noise, not sign-reversing artifacts
        Limitations: Epoch boundaries are approximate; actual hardware transitions may differ
    ═══ REPRODUCIBILITY
        Output file: results/outputs/step_030_hardware_epoch_analysis.json
        Epoch definitions: Grasse (3 epochs), APO (2 epochs)
        Random seed: 42 (for χ² simulation)
✓   Results saved to results/outputs/step_030_hardware_epoch_analysis.json
✓   Temporal chi2 status: EXCESS_VARIANCE_BUT_SIGN_CONSISTENT

✓  PASS  step_030_hardware_epoch_analysis.py  (1.2s)

──────────────────────────────────────────────────────────────────────
 [ 32/74]  Full Canonical: step_031_lomb_scargle_orbital_dynamics.py
──────────────────────────────────────────────────────────────────────

Starting Lomb-Scargle Orbital Mapping...
Computing high-resolution Lomb-Scargle periodogram...
