[20:12:24] ═══ ═══ Step 050: Corrected TEP Analysis ═══
[20:12:24]     Rows sorted by date_julian (+ station) for AR(1) / lag-1 diagnostics.
[20:12:24]     Dataset: N=25,445 (removed 762 outliers)
[20:12:24]     --- Model 1: cosD only (baseline) ---
[20:12:24]       η = -3.1773e-04 ± 6.0519e-05 (5.25σ)
[20:12:24]     --- Model 2: cosD + annual ---
[20:12:24]       η = -2.6887e-04 ± 6.0534e-05 (4.44σ)
[20:12:24]       Annual amplitude = 6.4688e-03
[20:12:24]     --- Model 3: cosD + annual + monthly ---
[20:12:24]       η = -3.0945e-04 ± 6.1314e-05 (5.05σ)
[20:12:24]       Monthly amplitude = 4.6579e-03
[20:12:24]     --- Model 4: cosD + cos(2D) + annual ---
[20:12:24]       η = -3.7731e-04 ± 6.4893e-05 (5.81σ)
[20:12:24]       cos(2D) coeff = -3.5076e-03
[20:12:24]     --- Model 5: FULL (cosD + cos2D + monthly + annual) ---
[20:12:24]       η = -4.0612e-04 ± 6.5778e-05 (6.17σ)
[20:12:24]     --- AIC Comparison ---
[20:12:24]       Model 1: AIC = -141803.27, RSS = 96.6585
[20:12:24]       Model 2: AIC = -141951.50, RSS = 96.0820
[20:12:24]       Model 3: AIC = -142014.02, RSS = 95.8311
[20:12:24]       Model 4: AIC = -141970.89, RSS = 96.0013
[20:12:24]       Model 5: AIC = -142028.43, RSS = 95.7694
[20:12:24]       Best model by AIC: Model 5
[20:12:24]     --- Cluster-Robust SEs (Model 5) ---
[20:12:24]           cosD: coeff=-5.2795e-03, cluster-SE=8.0920e-04 (6.52σ)
[20:12:24]          cos2D: coeff=-3.0852e-03, cluster-SE=7.2102e-04 (4.28σ)
[20:12:24]          sin_m: coeff=-1.5927e-04, cluster-SE=6.4846e-04 (0.25σ)
[20:12:24]          cos_m: coeff=4.4953e-03, cluster-SE=6.3096e-04 (7.12σ)
[20:12:24]          sin_y: coeff=7.1233e-03, cluster-SE=6.1034e-04 (11.67σ)
[20:12:24]          cos_y: coeff=1.7391e-03, cluster-SE=6.4322e-04 (2.70σ)
[20:12:24]          const: coeff=-3.4110e-03, cluster-SE=5.2286e-04 (6.52σ)
[20:12:24]     --- Station Block Bootstrap (Model 5) ---
[20:12:30]       Station block bootstrap: η = -3.4091e-04 ± 1.8685e-04 (1.82σ), 95% CI [-5.4725e-04, 9.9457e-05], P(η<0) = 0.9425
[20:12:30]     --- AR(1) GLS on full model ---
[20:12:30]       AR(1) ρ = 0.4115, DW = 1.177
[20:12:30]       η (GLS) = -4.4517e-04 ± 9.7144e-05 (4.58σ)
[20:12:30]       η (cluster) = -4.4517e-04 ± 9.8651e-05 (4.51σ)
[20:12:30]     --- Cook's Distance excision on full systematic model ---
[20:12:30]       Removed 1608/25445 observations (D > 1.57e-04)
[20:12:30]       η (Cook's-excised full) = -3.8741e-04 ± 4.9536e-05 (7.82σ)
[20:12:30]       η (cluster) = -3.8741e-04 ± 4.4762e-05 (8.65σ)
[20:12:30]     --- Precision-weighted regression on full systematic model ---
[20:12:30]       η (precision-weighted full) = -3.9088e-04 ± 5.6283e-05 (6.94σ)
[20:12:30]       η (cluster) = -3.9088e-04 ± 5.7661e-05 (6.78σ)
[20:12:30]       Effective sample size (Kish): 17449.1
[20:12:30]     --- Cross-Validation (train pre-2008, test post-2008) ---
[20:12:30]       Pre-2008 N = 12707, Post-2008 N = 12738
[20:12:30]       Predictive R² (post-2008) = -0.1533
[20:12:30]       cosD coeff: pre=-1.2934e-02, post=-4.4469e-03, ratio=0.34
[20:12:30]       cos2D coeff: pre=-1.2127e-02, post=-9.6492e-04, ratio=0.08
[20:12:30]     --- Per-Station Full Model (Model 5) ---
[20:12:30]           Grasse: η=-4.7991e-04 ± 7.0447e-05 (6.81σ), N=18742
[20:12:30]              APO: η=-7.9883e-05 ± 1.0297e-04 (0.78σ), N=2595
[20:12:30]        McDonald2: η=-5.4678e-04 ± 4.5100e-04 (1.21σ), N=3097
[20:12:30]           Matera: η=5.9875e-04 ± 9.0350e-04 (0.66σ), N=345
[20:12:30]        Haleakala: η=-4.7474e-04 ± 2.9234e-03 (0.16σ), N=666
[20:12:30]     --- Mixed Model: Common η + Station-Specific Systematics ---
[20:12:30]       This is the CORRECT test for station universality:
[20:12:30]       H0: residual = eta_common * cosD + sum_s[alpha_s*cos2D + beta_s*sin_m + gamma_s*cos_m + delta_s*sin_y + epsilon_s*cos_y + const_s] * I(station=s)
[20:12:30]       H1: residual = sum_s[eta_s*cosD + alpha_s*cos2D + ... + const_s] * I(station=s)
[20:12:30]       NOTE: Forcing common systematics is INVALID because stations have disjoint temporal coverage.
[20:12:30]       Common η = -4.3213e-04 ± 6.7563e-05 (6.40σ)
[20:12:30]       F-test for station-specific vs common η: F(4, 25410) = 1.18, p = 0.3151
[20:12:30]       → Cannot reject common η: stations are CONSISTENT with universal TEP signal
[20:12:30]       Per-station η (from H1, for reference):
[20:12:30]           Grasse: η=-4.799e-04 ± 7.361e-05 (6.52σ), P(η<0)=1.0000
[20:12:30]              APO: η=-7.988e-05 ± 2.014e-04 (0.40σ), P(η<0)=0.6542
[20:12:30]        McDonald2: η=-5.468e-04 ± 3.444e-04 (1.59σ), P(η<0)=0.9438
[20:12:30]           Matera: η=+5.988e-04 ± 9.628e-04 (0.62σ), P(η<0)=0.2670
[20:12:30]        Haleakala: η=-4.747e-04 ± 1.687e-03 (0.28σ), P(η<0)=0.6108
[20:12:30]       Meta-analysis (Grasse+APO+McDonald2): η=-4.3717e-04 ± 6.7784e-05 (6.45σ)
[20:12:30]       Cochran Q=3.59, p_het=0.1664, I²=44.2%
[20:12:30]     --- Keplerian Inclusion Proxy (real INPOP residuals) ---
[20:12:30]       Fit standard Keplerian basis {cos(M), sin(M)} then recover cos(D) on residuals.
[20:12:30]       Keplerian-only R² = 0.0011, post-Kepler RMS = 61.63 mm
[20:12:30]       η after Keplerian partialing (full systematics) = -4.0893e-04 ± 6.5770e-05 (6.22σ)
[20:12:30]       η with Keplerian terms in joint full model = -4.5357e-04 ± 6.6548e-05 (6.82σ)
[20:12:30]     Results saved to /Users/matthewsmawfield/www/Temporal Equivalence Principle/TEP-LLR/results/outputs/step_050_corrected_tep_analysis.json
[20:12:30] ═══ ═══ Step 050 Complete ═══
