[10:58:22] ═══ Starting Step 061: Systematic Amplitude Sensitivity Analysis
[10:58:22]     Loaded data: 26,207 observations
[10:58:22]     Canonical 6σ-cleaned sample: 25,445 observations (762 outliers removed)
[10:58:22]     Observed |eta| = 4.061e-04
[10:58:22] 
[10:58:22] >>> >>> Computing known-systematic sensitivity...
[10:58:22]       ephemeris: known_amp=0.355 cm, required=0.528 cm, ratio=1.5x
[10:58:27]       atmospheric: known_amp=-0.080 cm, required=0.528 cm, ratio=6.6x
[10:58:31]       instrumental: known_amp=0.010 cm, required=0.528 cm, ratio=54.0x
[10:58:36]       tidal: known_amp=-0.009 cm, required=0.528 cm, ratio=57.9x
[10:58:41]       thermal: known_amp=-0.056 cm, required=0.528 cm, ratio=9.5x
[10:58:46] 
[10:58:46] >>> >>> Adversarial PCA nuisance search...
[10:58:46]       cosD survives all PCs: True, joint eta=-2.927e-04
[10:58:46] >>> >>> Adversarial 2D GP (elongation x time bins)...
[10:58:49]       cosD survives GP subtraction: False, eta after GP=5.347e-05
[10:58:49]       CV-GP: cosD survives=False, eta after CV-GP=2.453e-05 (overfit_ratio=1.42)
[10:58:49]       AIC: cosD-only=-141803.3, GP-only=-143253.3, preferred=gp_only
[10:58:49]       Time-only GP: cosD survives=True, eta after time-GP=-3.261e-04
[10:58:49] >>> >>> Era x station x lunation interaction grid...
[10:58:49]       Fitted 26/60 cells; 13 negative, 9 significant
[10:58:49] >>> >>> Blind 20% year hold-out...
[10:58:49]       Combined blind test eta=-3.658e-04 (14.27σ), all splits negative=False
[10:58:49] Results saved to results/outputs/step_061_systematic_sensitivity_analysis.json
[10:58:49] ✓   Systematic Sensitivity Analysis Complete.
