[02:26:03] ═══ Generating Final TEP Signal Predictions...
[02:26:03]     Measured η from LLR: -3.1698e-04 ± 6.0407e-05
[02:26:03]     ρ_T: 20.0 ± 8.0 g/cm³ (GNSS atomic clock correlations (Paper 6, UCD))
[02:26:03]     Theoretical η from TEP formalism (Cassini-bound α_0): 4.3427e-24
[02:26:03]     Enhancement factor (measured / TEP theoretical): 72991181779343187968.0×
[02:26:03]     Measured amplitude: 0.0041 mm
[02:26:03]     Theoretical amplitude (from TEP formalism): 0.000000 mm
[02:26:03]     Cross-domain comparison (Jakarta v0.8 κ Framework):
[02:26:03]       κ_MSP (pulsars): ~1.0e+06
[02:26:03]       κ_Cep (Cepheids): 1.05e+06 ± 4.30e+05 mag (Paper 11)
[02:26:03]       η (LLR): -3.1698e-04 (Solar System screened regime)
[02:26:03]       Screening ratio: η/κ_Cep ~ -3.02e-10 (consistent with strong screening)
[02:26:03] ═══ Model Prediction Audit Summary:
[02:26:03]       GR Prediction:    η = 0.0000e+00
[02:26:03]       TEP Measured η:   η = -3.1698e-04 ± 6.0407e-05
[02:26:03]       TEP Theoretical η (Cassini-bound α_0): η = 4.3427e-24
[02:26:03]       Enhancement factor: 72991181779343187968.0×
[02:26:03]       Amplitude (measured): 0.0041 mm
[02:26:03]       Amplitude (theoretical): 0.000000 mm
[02:26:03]       ρ_T: 20.0 ± 8.0 g/cm³ (GNSS atomic clock correlations (Paper 6, UCD))
[02:26:03]       Screening ratio η/κ_Cep: -3.02e-10
[02:26:03] Results saved to results/outputs/step_017_tep_prediction.json
[02:26:03] ✓   Final Model Comparison Complete.
