[20:18:56] ═══ ═══ Starting Leverage Temporal Clustering analysis...
[20:18:56]     ═══ STEP PURPOSE: Identify high-leverage points from OLS fit and bin into temporal epochs to investigate OLS vs Theil-Sen divergence
[20:18:56]     ═══ METHOD: Cook's Distance calculation, temporal binning (5-year epochs), station distribution analysis
[20:18:56]     ═══ PARAMETERS: Cook's D threshold=4/n, epoch bin size=5 years
[20:18:56] >>> Starting Leverage Temporal Clustering analysis...
[20:18:56]     ═══ DATA SUMMARY
[20:18:56]         Dataset: N = 26,207 observations
[20:18:56]         Data source: INPOP19a_all_stations_residuals.csv
[20:18:56]     ═══ ANALYSIS TRACE
[20:18:56] >>> >>> Calculating Cook's Distance for all observations
[20:18:56] >>> >>> Identifying high-leverage points (threshold = 1.526310e-04)
[20:18:56] >>> >>> Binning high-leverage points into 5-year epochs
[20:18:56] >>> >>> Analyzing station distribution of high-leverage points
[20:18:56]     ═══ RESULTS SUMMARY
[20:18:56]         Total High-Leverage Points: 1,030
[20:18:56]         Cook's D threshold: 1.526310e-04
[20:18:56]         Clustered Anomalies Detected: True
[20:18:56]         Grasse Dominated: True
[20:18:56]     ═══ INTERPRETATION
[20:18:56]         High-leverage points binned into 5-year epochs
[20:18:56]         Overrepresentation factor > 1.5 indicates specific hardware era or localized anomaly
[20:18:56]         Station distribution analysis tests for instrument-specific effects
[20:18:56]     ═══ REPRODUCIBILITY
[20:18:56]         Output file: results/outputs/step_027_leverage_temporal_clustering.json
[20:18:56]         Cook's D threshold: 4/n
[20:18:56]         Epoch bin size: 5 years
[20:18:56]         Data source: INPOP19a_all_stations_residuals.csv
[20:18:56]     Total High-Leverage Points: 1030
[20:18:56]     Clustered Anomalies Detected? True
[20:18:56] ✓   Leverage Temporal Clustering Complete.
[20:18:56]     Saved results to results/outputs/step_025_leverage_temporal_clustering.json
