[20:19:48]     Step 041: Dust Model Sensitivity Analysis
[20:19:48]     Formal parameter sweep of Sabhlok et al. thermal/dust model
[20:19:48]     Loaded measured η from step_002: -3.1698e-04
[20:19:48]     Computed observed signal amplitude: 4.12 mm
[20:19:48]     Running parameter sweep (thermal conductivity, dust coverage)...
[20:19:48]     Analyzing logical structure...
[20:19:48]     Testing robustness of 4.0× mismatch...
[20:19:48]     Results saved to: results/outputs/step_039_dust_sensitivity_analysis.json
[20:19:48]     
=== Dust Model Sensitivity Analysis Summary ===
[20:19:48]     Sabhlok et al. (2024) Model Critique:
[20:19:48]       - Claimed dust coverage: ~50%
[20:19:48] ⚠     - Actual range (sensitivity analysis): 22% - 95%
[20:19:48] ⚠     - Model is underdetermined (4 parameters, 2 constraints)
[20:19:48]     
Quantitative Mismatch:
[20:19:48]       - Observed signal: 4.12 mm
[20:19:48]       - Maximum thermal (best case): 2.24 mm
[20:19:48] ⚠     - Mismatch factor: 1.8×
[20:19:48] ✗     - Thermal mechanism CANNOT explain signal
[20:19:48]     
Logical Analysis:
[20:19:48] ⚠     - Circular reasoning: Affirming the consequent
[20:19:48]       - Alternative (TEP): Makes independent predictions
[20:19:48]       - Perihelion test: 3.07σ confirmed
[20:19:48]     
Verdict: Dust attribution unreliable; TEP superior
[20:19:48]     Step 041 completed successfully
