[02:11:44] ═══ ═══ Starting Thermal Array Modeling...
[02:11:44]     ═══ STEP PURPOSE: Calculate theoretical thermal expansion of Apollo retroreflector housings across lunar synodic phase
[02:11:44]     ═══ METHOD: Compare aluminum/silica coefficient of thermal expansion over lunar day-night cycle against TEP signal
[02:11:44]     ═══ PARAMETERS: Night temp=100K, Day temp=390K, CTE aluminum=23.6e-6, CTE silica=0.55e-6, array thickness=0.15m
[02:11:44] >>> Starting Thermal Array Modeling...
[02:11:44]     ═══ DATA SUMMARY
[02:11:44]         Measured η from step_002: -3.1698e-04
[02:11:44]         Computed TEP amplitude: 4.12 mm
[02:11:44] Loaded measured η from step_002: -3.1698e-04
[02:11:44] Computed TEP amplitude: 4.12 mm
[02:11:44]     ═══ ANALYSIS TRACE
[02:11:44] >>> >>> Computing maximum aluminum housing thermal expansion
[02:11:44] >>> >>> Computing maximum fused silica thermal expansion
[02:11:44] >>> >>> Comparing thermal expansion to TEP signal amplitude
[02:11:44]     ═══ RESULTS SUMMARY
[02:11:44]         Max Aluminum Expansion: 1.027 mm
[02:11:44]         Max Fused Silica Expansion: 0.024 mm
[02:11:44]         Observed TEP Amplitude: 4.1 mm
[02:11:44]         Aluminum/TEP ratio: 24.9%
[02:11:44]     ═══ INTERPRETATION
[02:11:44]         Is Thermal Artifact Plausible? False
[02:11:44]         Structural thermal deformation cannot explain the TEP anomaly
[02:11:44]         Maximum aluminum expansion is only 24.9% of TEP signal
[02:11:44]     ═══ REPRODUCIBILITY
[02:11:44]         Output file: results/outputs/step_026_thermal_array_modeling.json
[02:11:44]         Temperature range: 100.0K - 390.0K
[02:11:44]         Array thickness: 0.15m
[02:11:44]         η source: step_002_statistical_analysis.json
[02:11:44]     Max Aluminum Expansion: 1.027 mm
[02:11:44]     Observed TEP Amplitude: 4.1 mm
[02:11:44]     Is Thermal Artifact Plausible? False
[02:11:44] ✓   Thermal Array Modeling Complete.
[02:11:44]     Saved results to results/outputs/step_026_thermal_array_modeling.json
