[02:11:33] ═══ ═══ Starting Step 025: Solar Cycle Correlation & Haleakala Station Anomaly...
[02:11:33]     ═══ STEP PURPOSE: Test if TEP signal correlates with 11-year solar cycle and investigate Haleakala anomaly
[02:11:33]     ═══ METHOD: Compare η at solar minima vs maxima, Monte Carlo permutation test
[02:11:33]     ═══ DATA SUMMARY
[02:11:33]         Dataset: N = 26,207 observations
[02:11:33]         Data source: INPOP19a_all_stations_residuals.csv
[02:11:33]         Applied 6σ MAD outlier cleaning: removed 762/26207 outliers
[02:11:33]         Cleaned dataset: N = 25,445 observations
[02:11:33]     ═══ ANALYSIS TRACE
[02:11:33] >>> >>> Comparing TEP signal at solar minima vs maxima
[02:11:33]         Low solar activity (index < 0.1): N = 7,734
[02:11:33]         High solar activity (index > 0.9): N = 4,262
[02:11:44] >>> >>> Investigating Haleakala station anomaly
[02:11:44]     ═══ RESULTS SUMMARY
[02:11:44]         Solar modulation differential: -6.7287e-04 ± 2.1685e-04
[02:11:44]         Differential significance: 3.10σ
[02:11:44]         Empirical p-value: 0.0000
[02:11:44]         Haleakala η: 2.5710e-03 ± 1.1621e-03
[02:11:44]     ═══ INTERPRETATION
[02:11:44]         Solar cycle modulation test: SIGNIFICANT
[02:11:44]         Haleakala anomaly: EXPLAINED by solar cycle timing
[02:11:44]         Limitations: Solar activity index is simplified sine wave model
[02:11:44]     ═══ REPRODUCIBILITY
[02:11:44]         Output file: results/outputs/step_025_solar_cycle_correlation.json
[02:11:44]         Permutations: 10000
[02:11:44]         Random seed: 42
[02:11:44] Results saved to results/outputs/step_025_solar_cycle_correlation.json
[02:11:44] ✓   Solar Cycle Correlation Complete.
