[13:26:52] ═══ ═══ Starting Thermal Array Modeling...
[13:26:52]     ═══ STEP PURPOSE: Calculate theoretical thermal expansion of Apollo retroreflector housings across lunar synodic phase
[13:26:52]     ═══ METHOD: Compare aluminum/silica coefficient of thermal expansion over lunar day-night cycle against TEP signal
[13:26:52]     ═══ PARAMETERS: Night temp=100K, Day temp=390K, CTE aluminum=23.6e-6, CTE silica=0.55e-6, array thickness=0.15m
[13:26:52] >>> Starting Thermal Array Modeling...
[13:26:52]     ═══ DATA SUMMARY
[13:26:52]         Measured η from step_003: -3.1773e-04
[13:26:52]         Computed TEP amplitude: 4.13 mm
[13:26:52] Loaded measured η from step_003: -3.1773e-04
[13:26:52] Computed TEP amplitude: 4.13 mm
[13:26:52]     ═══ ANALYSIS TRACE
[13:26:52] >>> >>> Computing maximum aluminum housing thermal expansion
[13:26:52] >>> >>> Computing maximum fused silica thermal expansion
[13:26:52] >>> >>> Comparing thermal expansion to TEP signal amplitude
[13:26:52]     ═══ RESULTS SUMMARY
[13:26:52]         Max Aluminum Expansion: 1.027 mm
[13:26:52]         Max Fused Silica Expansion: 0.024 mm
[13:26:52]         Observed TEP Amplitude: 4.1 mm
[13:26:52]         Aluminum/TEP ratio: 24.9%
[13:26:52]     ═══ INTERPRETATION
[13:26:52]         Is Thermal Artifact Plausible? False
[13:26:52]         Structural thermal deformation cannot explain the TEP anomaly
[13:26:52]         Maximum aluminum expansion is only 24.9% of TEP signal
[13:26:52]     ═══ REPRODUCIBILITY
[13:26:52]         Output file: results/outputs/step_024_thermal_array_modeling.json
[13:26:52]         Temperature range: 100.0K - 390.0K
[13:26:52]         Array thickness: 0.15m
[13:26:52]         η source: step_003_statistical_analysis.json
[13:26:52]     Max Aluminum Expansion: 1.027 mm
[13:26:52]     Observed TEP Amplitude: 4.1 mm
[13:26:52]     Is Thermal Artifact Plausible? False
[13:26:52] ✓   Thermal Array Modeling Complete.
[13:26:52]     Saved results to results/outputs/step_024_thermal_array_modeling.json
