[21:06:52] ═══ Starting Systematic Control Analysis...
[21:06:52]     ============================================================
[21:06:52] ═══ SYSTEMATIC CONTROL ANALYSIS - DETAILED TRACE
[21:06:52]     ============================================================
[21:06:52]     [DATA] Dataset: N=26,207 observations
[21:06:52]     [DATA] Residual range: [-1.036197, 1.554217] m
[21:06:52]     [DATA] cos(elongation) range: [-1.000000, 0.988628]
[21:06:52]     [DATA] JD range: [2445797.9497, 2458767.9708]
[21:06:52] 
[21:06:52] >>> TEST 1: UNCONTROLLED CORRELATION (BASELINE)
[21:06:52]       [CALC] r_original = -3.044239e-02
[21:06:52]       [CALC] p_original = 8.26e-07
[21:06:52]       [CALC] Significance: 4.93σ
[21:06:52] 
[21:06:52] >>> TEST 2: CONTROLLING FOR LINEAR TIME TREND
[21:06:52]       [CALC] Time trend coefficient: -1.967789e-02
[21:06:52]       [CALC] r_partial (time controlled): -2.760101e-02
[21:06:52]       [CALC] p_partial: 7.86e-06
[21:06:52]       [CALC] Signal attenuation: 9.3%
[21:06:52] 
[21:06:52] >>> TEST 3: CONTROLLING FOR QUADRATIC TIME TREND
[21:06:52]       [CALC] r_partial (quad controlled): -3.214985e-02
[21:06:52]       [CALC] p_partial: 1.93e-07
[21:06:52] 
[21:06:52] >>> TEST 4: CONTROLLING FOR SEASONAL AND LUNAR CYCLES
[21:06:52]       [CALC] Controlled for: Annual, Sidereal (27.32d), Anomalistic (27.55d)
[21:06:52]       [CALC] r_combined (all controlled): -3.478067e-02
[21:06:52]       [CALC] p_combined: 1.78e-08
[21:06:52] Results saved to results/outputs/step_010_systematic_control_analysis.json
[21:06:52] ✓   Control Analysis Complete.
