[02:11:05] ═══ ═══ Starting Step 018: Leverage Diagnostics Investigation...
[02:11:05]     ═══ STEP PURPOSE: Investigate OLS/Theil-Sen factor-of-2 discrepancy and leverage influence on TEP detection
[02:11:05]     ═══ METHOD: High-leverage point phase mapping, phased leverage removal, Cook's D excision, bootstrap influence analysis
[02:11:05]     ═══ PARAMETERS: Cook's D threshold=4/n, Theil-Sen sample size=10000, bootstrap samples=500
[02:11:05] Step 018: Leverage Diagnostics Investigation
[02:11:05]     ═══ DATA SUMMARY
[02:11:05]         Dataset: N = 26,207 observations
[02:11:05]         Data source: INPOP19a_all_stations_residuals.csv
[02:11:09]         Mean leverage: 7.631549e-05
[02:11:09]         High-leverage threshold: 1.526310e-04
[02:11:09]         High-leverage points: 1,429 (5.5%)
[02:11:09]     ═══ ANALYSIS TRACE
[02:11:09] >>> >>> Analyzing high-leverage point distribution across elongation phases
[02:11:09]         Distribution pattern: distributed
[02:11:09] High-leverage distribution: distributed
[02:11:09] >>> >>> Testing signal persistence with phased leverage removal
[02:11:09] >>> >>> Running bootstrap leverage influence analysis
[02:11:09] Running bootstrap leverage analysis...
[02:11:16] >>> >>> Executing formal Cook's D leverage excision
[02:11:16] Executing Formal Cook's D Leverage Excision...
[02:11:18]         Excised η (OLS): -3.311e-04 ± 5.836e-05 (SNR: 5.67σ)
[02:11:18] Excised ETA (OLS): -3.311e-04 ± 5.836e-05 (SNR: 5.67σ)
[02:11:18]     ═══ RESULTS SUMMARY
[02:11:18]         Full sample η (OLS): -4.525e-04
[02:11:18]         Full sample η (Theil-Sen): -2.035e-04
[02:11:18]         OLS/Theil-Sen ratio: 2.22x
[02:11:18]         Excised η (Cook's D): -3.311e-04 ± 5.836e-05
[02:11:18]         Excised SNR: 5.67σ
[02:11:18]         Points removed: 1,030 (3.9%)
[02:11:18]     ═══ INTERPRETATION
[02:11:18]         Leverage influence assessment: high
[02:11:18]         Cook's D excision provides robust η estimate while maintaining high SNR
[02:11:18]         Recommended for manuscript: η = -3.31e-04 ± 5.84e-05 (Leverage-Excised OLS)
[02:11:18]     ═══ REPRODUCIBILITY
[02:11:18]         Output file: results/outputs/step_018_leverage_diagnostics.json
[02:11:18]         Cook's D threshold: 4/n
[02:11:18]         Theil-Sen sample size: 10000
[02:11:18]         Bootstrap samples: 1000
[02:11:18] Results saved to results/outputs/step_018_leverage_diagnostics.json
[02:11:18] Recommended reporting: η = -3.31e-04 ± 5.84e-05 (Leverage-Excised OLS)
[02:11:18] ✓   Recommended reporting: η = -3.31e-04 ± 5.84e-05 (Leverage-Excised OLS)
