[10:53:37] ═══ Starting Noise/Signal Injection Tests...
[10:53:37]     ============================================================
[10:53:37] ═══ NOISE/SIGNAL INJECTION TESTS - PIPELINE VALIDATION
[10:53:37] ⚠   WARNING: INJECTION TESTS PERTURB REAL INPOP19A RESIDUALS
[10:53:37]     PURPOSE: ALGORITHM ROBUSTNESS TESTING ONLY
[10:53:37]     ============================================================
[10:53:37]     [DATA] Canonical 6σ cleaning: removed 762/26,207 observations
[10:53:37]     [DATA] Original dataset: N=25,445 observations
[10:53:37]     [DATA] Original RMS: 0.061667 m
[10:53:37]     [DATA] Original residual range: [-0.238986, 0.238827] m
[10:53:37] 
[10:53:37] >>> TEST 1: NULL TEST (SHUFFLED RESIDUALS)
[10:53:37]       Purpose: Verify that destroying phase correlation eliminates signal
[10:53:37]       [CALC] Linear regression on shuffled data:
[10:53:37]       [CALC]    η estimate: 1.998964e-05
[10:53:37]       [CALC]    SNR: 0.33σ
[10:53:37]       [CALC]    Expected: SNR < 3 (no signal in shuffled data)
[10:53:37] ✓     [RESULT] PASS ✓
[10:53:37] 
[10:53:37] >>> TEST 2: NOISE ROBUSTNESS (ADDITIVE GAUSSIAN NOISE)
[10:53:37]       Purpose: Determine how much noise signal can survive
[10:53:37] ✓     [CALC] Noise level 0.5× RMS: η = -3.276981e-04, SNR = 4.84σ ✓
[10:53:37] ✓     [CALC] Noise level 1.0× RMS: η = -2.901994e-04, SNR = 3.40σ ✓
[10:53:37]       [CALC] Noise level 2.0× RMS: η = -2.150282e-04, SNR = 1.61σ 
[10:53:37]       [CALC] Noise level 3.0× RMS: η = -3.349155e-04, SNR = 1.74σ 
[10:53:37] 
[10:53:37] >>> TEST 3: SIGNAL RECOVERY (INJECTION INTO PURE NOISE)
[10:53:37]       Purpose: Validate pipeline can recover known injected signals
[10:53:37]       [DATA] Loaded measured η from step_003: -3.1773e-04
[10:53:37]       [CALC] Injected signal parameters:
[10:53:37]       [CALC]    η_injected: -3.177267e-04
[10:53:37]       [CALC] Recovery results:
[10:53:37]       [CALC]    η_recovered: -2.474605e-04
[10:53:37]       [CALC]    Recovery error: 22.1%
[10:53:37]       [CALC]    Recovery z-score: 1.16σ
[10:53:37]       [CALC]    SNR: 4.08σ
[10:53:37] ✓     [RESULT] PASS ✓ (recovered η within 2σ of injected η)
[10:53:37] 
[10:53:37] >>> TEST 4: DETECTION THRESHOLD ANALYSIS
[10:53:37]       Purpose: Compute minimum detectable η at various confidence levels
[10:53:37] Results saved to results/outputs/step_011_noise_signal_injection.json
[10:53:37] ✓   Injection Tests Complete.
