[02:12:48]     Step 041: Dust Model Sensitivity Analysis
[02:12:48]     Formal parameter sweep of Sabhlok et al. thermal/dust model
[02:12:48]     Loaded measured η from step_002: -3.1698e-04
[02:12:48]     Computed observed signal amplitude: 4.12 mm
[02:12:48]     Running parameter sweep (thermal conductivity, dust coverage)...
[02:12:48]     Analyzing logical structure...
[02:12:48]     Testing robustness of 4.0× mismatch...
[02:12:48]     Results saved to: results/outputs/step_041_dust_sensitivity_analysis.json
[02:12:48]     
=== Dust Model Sensitivity Analysis Summary ===
[02:12:48]     Sabhlok et al. (2024) Model Critique:
[02:12:48]       - Claimed dust coverage: ~50%
[02:12:48] ⚠     - Actual range (sensitivity analysis): 22% - 95%
[02:12:48] ⚠     - Model is underdetermined (4 parameters, 2 constraints)
[02:12:48]     
Quantitative Mismatch:
[02:12:48]       - Observed signal: 4.12 mm
[02:12:48]       - Maximum thermal (best case): 2.24 mm
[02:12:48] ⚠     - Mismatch factor: 1.8×
[02:12:48] ✗     - Thermal mechanism CANNOT explain signal
[02:12:48]     
Logical Analysis:
[02:12:48] ⚠     - Circular reasoning: Affirming the consequent
[02:12:48]       - Alternative (TEP): Makes independent predictions
[02:12:48]       - Perihelion test: 3.07σ confirmed
[02:12:48]     
Verdict: Dust attribution unreliable; TEP superior
[02:12:48]     Step 041 completed successfully
