[10:59:15] ═══ ═══ Step 069: Rolling η(t) vs Environmental Predictors ═══
[10:59:15]     Dataset: N=25,445
[10:59:15]     Computing environmental projections via Skyfield...
[10:59:15]     Computed 34 rolling windows
[10:59:15]       1985.3: η=-1.755e-04 ± 1.060e-03 N=787  〈1/r〉=1.0015  〈v_r〉=-0.13 km/s  〈cosθ_CMB〉=-0.012
[10:59:15]       1986.3: η=+1.162e-03 ± 1.087e-03 N=663  〈1/r〉=0.9967  〈v_r〉=-0.18 km/s  〈cosθ_CMB〉=-0.059
[10:59:15]       1987.3: η=+4.974e-03 ± 1.119e-03 N=414  〈1/r〉=0.9985  〈v_r〉=0.02 km/s  〈cosθ_CMB〉=0.044
[10:59:15]       1988.3: η=+1.230e-03 ± 7.437e-04 N=743  〈1/r〉=1.0010  〈v_r〉=-0.01 km/s  〈cosθ_CMB〉=0.003
[10:59:15]       1989.3: η=-6.425e-04 ± 6.710e-04 N=1128  〈1/r〉=1.0051  〈v_r〉=-0.03 km/s  〈cosθ_CMB〉=0.069
[10:59:15]       2016.2: η=-4.369e-04 ± 6.887e-05 N=2596  〈1/r〉=1.0009  〈v_r〉=-0.03 km/s  〈cosθ_CMB〉=-0.024
[10:59:15]       2017.2: η=+7.747e-05 ± 6.307e-05 N=3272  〈1/r〉=1.0031  〈v_r〉=0.05 km/s  〈cosθ_CMB〉=0.039
[10:59:15]       2018.2: η=-2.742e-04 ± 4.636e-05 N=5887  〈1/r〉=0.9964  〈v_r〉=-0.03 km/s  〈cosθ_CMB〉=0.022
[10:59:15]     --- Weighted correlations η(t) vs environmental predictors ---
[10:59:15]       Corr(η, 〈1/r_⊙〉)      = +0.045
[10:59:15]       Corr(η, 〈v_r〉)         = +0.406
[10:59:15]       Corr(η, 〈cos θ_CMB〉)   = +0.682
[10:59:15]     --- η(t) = α + β·env(t) regressions ---
[10:59:15]       vs 〈1/r_⊙〉: β=+6.385e-04 ± 3.200e-02 t=0.02, p=0.9842
[10:59:15]       vs 〈v_r〉:   β=+3.186e-03 ± 2.455e-03 t=1.30, p=0.2037
[10:59:15]       vs 〈cosθ〉:  β=-7.933e-04 ± 1.314e-03 t=-0.60, p=0.5504
[10:59:15]     --- Joint model η(t) ~ 〈1/r〉 + 〈v_r〉 + 〈cosθ〉 ---
[10:59:15]       1/r       : β=-6.359e-02 ± 4.268e-02  t=-1.49, p=0.1467
[10:59:15]       v_r       : β=+7.446e-03 ± 3.477e-03  t=2.14, p=0.0405
[10:59:15]       cos_cmb   : β=-1.886e-03 ± 1.364e-03  t=-1.38, p=0.1769
[10:59:15]       const     : β=+6.328e-02 ± 4.269e-02  t=1.48, p=0.1487
[10:59:15]       Joint model weighted R² = 0.142
[10:59:15] Results saved to results/outputs/step_069_rolling_eta_environmental.json
[10:59:15] ✓   Step 069 complete.
