[20:20:02] ═══ ═══ Step 047: Orbital Velocity Modulation of Temporal Shear ═══
[20:20:02] >>> Computing Earth orbital velocities via DE421/Skyfield...
[20:20:02]     Orbital speed range: 29.279 – 30.294 km/s
[20:20:02]     Radial velocity range: -0.509 – 0.510 km/s
[20:20:02]     Heliocentric distance range: 0.98322 – 1.01676 AU
[20:20:02]     Correlation r(distance, v_r) = -0.0868 (quadrature prediction: ~0)
[20:20:02]     Cleaned dataset: 25,445 observations (762 outliers removed)
[20:20:02] ═══ ═══ MODEL A: Distance-only modulation ═══
[20:20:02]     Deep perihelion: η = -2.8075e-04 ± 1.9147e-04 (1.47σ)
[20:20:02]     Deep aphelion:    η = 7.0761e-05 ± 1.5706e-04 (0.45σ)
[20:20:02]     Δη (peri - aph) = -3.5151e-04 ± 2.4764e-04 (1.42σ)
[20:20:02] ═══ ═══ MODEL B: Velocity-only modulation ═══
[20:20:02]     Fast recession (v_r > 0.461 km/s): η = 2.8465e-04 ± 1.2781e-04 (2.23σ)
[20:20:02]     Fast approach (v_r < -0.432 km/s):   η = -5.7796e-06 ± 1.6135e-04 (0.04σ)
[20:20:02]     Δη (away - in) = 2.9043e-04 ± 2.0584e-04 (1.41σ)
[20:20:02] ═══ ═══ MODEL C: Total speed modulation ═══
[20:20:02]     High speed (|v| > 30.222 km/s): η = -2.1046e-04 ± 1.9762e-04 (1.06σ)
[20:20:02]     Low speed (|v| < 29.366 km/s):  η = 9.8546e-05 ± 1.6224e-04 (0.61σ)
[20:20:02]     Δη (fast - slow) = -3.0900e-04 ± 2.5569e-04 (1.21σ)
[20:20:02] ═══ ═══ MODEL D: Joint distance + radial velocity ═══
[20:20:02]     Joint model: η(r, v_r) = -3.2360e-04 + 1.2373e-02·Δr + 3.8149e-04·Δv_r
[20:20:02]       η_r (distance coeff):   1.2373e-02 ± 5.1759e-03 (t=2.39, p=0.0168)
[20:20:02]       η_vr (velocity coeff):  3.8149e-04 ± 1.5658e-04 (t=2.44, p=0.0148)
[20:20:02]       AIC simple=-141803.2, vel-only=-141806.1, joint=-141809.8
[20:20:02]       BIC simple=-141787.0, vel-only=-141781.6, joint=-141777.2
[20:20:02]       ΔAIC(vel-only vs simple) = -2.8
[20:20:02]       ΔAIC(joint vs simple) = -6.5
[20:20:02] ✓   Joint model preferred over distance-only (ΔAIC < -2)
[20:20:02] ═══ ═══ MODEL E: CMB-controlled joint fit ═══
[20:20:02]     CMB-controlled: η(r, v_r, θ) = -2.5302e-04 + 7.1061e-03·Δr + 1.0998e-03·Δv_r + -9.7601e-04·cos(θ)
[20:20:02]       η_r (distance):   7.1061e-03 ± 5.1857e-03 (t=1.37, p=0.1706)
[20:20:02]       η_vr (velocity):  1.0998e-03 ± 1.6925e-04 (t=6.50, p=8.2719e-11)
[20:20:02]       η_θ (CMB orient): -9.7601e-04 ± 8.8497e-05 (t=-11.03, p=0.0000e+00)
[20:20:02]       AIC joint=-141809.8, CMB-ctrl=-141929.1
[20:20:02] ═══ ═══ Binned radial-velocity analysis ═══
[20:20:02]     Binned trend: dη/dv_r = 1.2524e-03 ± 5.8736e-04 (t=2.13, p=0.0656)
[20:20:02] ═══ ═══ Spectral sideband test (velocity-modulated) ═══
[20:20:02]       QI_peri_away: η = 2.3689e-04 ± 1.2733e-04 (1.86σ, N=6987)
[20:20:02]       QII_post_peri: η = 1.0870e-04 ± 1.1685e-04 (0.93σ, N=5614)
[20:20:02]       QIII_aph_in: η = -3.9734e-04 ± 9.3945e-05 (4.23σ, N=7139)
[20:20:02]       QIV_pre_peri: η = -1.0677e-03 ± 1.5350e-04 (6.96σ, N=5705)
[20:20:02] ═══ ═══ TEP dynamical prediction test ═══
[20:20:02]     High dynamical shear (|v_r|/r > 0.482): η = 2.0475e-04 ± 1.5009e-04
[20:20:02]     Low dynamical shear (|v_r|/r < 0.149):  η = -3.3632e-04 ± 1.8730e-04
[20:20:02]     Δη = 5.4107e-04 ± 2.4002e-04 (2.25σ)
[20:20:02] ✓   RESULT: Significant velocity-dependent modulation detected with CMB orientation controlled. TEP temporal topology is dynamical and cosmologically oriented.
[20:20:02] Results saved to results/outputs/step_047_velocity_modulation.json
[20:20:02] ✓   Orbital Velocity Modulation analysis complete.
