[20:16:17] ═══ Starting Step 059: Grasse-Specific Systematic Sufficiency Analysis
[20:16:17]     Loaded data: 26,207 observations
[20:16:17]       Grasse: 19,390 / 26,207 = 74.0%
[20:16:17]       Grasse: 19,390 (74.0%)
[20:16:17]       Haleakala: 737 (2.8%)
[20:16:17]       McDonald2: 3,139 (12.0%)
[20:16:17]       Matera: 346 (1.3%)
[20:16:17]       APO: 2,595 (9.9%)
[20:16:17] 
[20:16:17] >>> >>> Running partition test (Grasse / Non-Grasse / Pooled)
[20:16:17] ═══ ═══ PARTITION TEST RESULTS
[20:16:17]       grasse: eta=-4.679e-04 +/- 6.848e-05, SNR=6.83, N_used=18,664
[20:16:17]       non_grasse: eta=-1.900e-04 +/- 1.907e-04, SNR=1.00, N_used=6,765
[20:16:17]       pooled: eta=-4.061e-04 +/- 6.578e-05, SNR=6.17, N_used=25,445
[20:16:17] 
[20:16:17] >>> >>> Computing required systematic amplitude
[20:16:17] ═══ ═══ REQUIRED SYSTEMATIC AMPLITUDE
[20:16:17]       Pooled eta = -4.061e-04
[20:16:17]       Grasse fraction = 0.740
[20:16:17]       Required Grasse-only systematic = 0.71 cm
[20:16:17]       Known ephemeris systematic = 0.355 cm (eta_equiv=2.732e-04)
[20:16:17]       Known atmospheric systematic = 0.080 cm (eta_equiv=-6.153e-05)
[20:16:17]       Known instrumental systematic = 0.010 cm (eta_equiv=7.519e-06)
[20:16:17]       Known tidal systematic = 0.009 cm (eta_equiv=-7.014e-06)
[20:16:17]       Known thermal systematic = 0.056 cm (eta_equiv=-4.278e-05)
[20:16:17] 
[20:16:17] ═══ ═══ RATIO: REQUIRED / KNOWN SYSTEMATIC
[20:16:17]       ephemeris: 2.0x
[20:16:17]       atmospheric: 8.9x
[20:16:17]       instrumental: 73.0x
[20:16:17]       tidal: 78.3x
[20:16:17]       thermal: 12.8x
[20:16:17] 
[20:16:17] >>> >>> Running Grasse x cos(D) interaction test
[20:16:17] ═══ ═══ INTERACTION TEST RESULTS
[20:16:17]       Base eta (non-Grasse) = -3.714e-04
[20:16:17]       Grasse interaction = -4.486e-05
[20:16:17]       t-statistic = -0.34
[20:16:17]       p-value = 0.7334
[20:16:17] 
[20:16:17] >>> >>> Running Monte Carlo station dominance test
[20:16:24] ═══ ═══ MONTE CARLO STATION DOMINANCE
[20:16:24]       Grasse SNR = 6.83
[20:16:24]       Random station mean SNR = 1.93
[20:16:24]       Random station 95th pct = 6.83
[20:16:24]       p(Grasse > random) = 1.000
[20:16:24]       Percentile = 100.0%
[20:16:24] Results saved to results/outputs/step_059_grasse_systematic_sufficiency.json
[20:16:24] ✓   Grasse Systematic Sufficiency Analysis Complete.
