[02:26:06]     Step 040: Tidal Resonance Analysis
[02:26:06]     Critiquing North Atlantic resonance explanation vs TEP
[02:26:06]     Analyzing tidal resonance model...
[02:26:06]     Testing predictive power...
[02:26:06]     Results saved to: results/outputs/step_040_tidal_resonance_analysis.json
[02:26:06]     
=== Tidal Resonance Analysis Summary ===
[02:26:06]     Measured recession: 3.82 cm/yr
[02:26:06]     Historical average: 1.70 cm/yr
[02:26:06] ⚠   Discrepancy: 2.25× higher
[02:26:06]     
Resonance Model Critique:
[02:26:06] ⚠     - Ad hoc (post-hoc fit)
[02:26:06] ⚠     - Requires fine-tuned continental geometry
[02:26:06] ⚠     - No physical mechanism for Q change
[02:26:06] ⚠     - No predictive power
[02:26:06]     
TEP Alternative:
[02:26:06]       - Physical mechanism (dynamical φ field)
[02:26:06]       - No fine-tuning required
[02:26:06]       - Makes multiple testable predictions
[02:26:06]       - Perihelion enhancement: 3.07σ confirmed
[02:26:06]     
Verdict: TEP provides superior explanation
[02:26:06]     Step 040 completed successfully
