[02:10:23] ═══ Starting Systematic Error Analysis...
[02:10:23]     Loaded 26,207 observations from data/processed/INPOP19a_all_stations_residuals.csv
[02:10:23] 
[02:10:23]     Analyzing 5 stations for systematic errors...
[02:10:23]     Total observations: 26,207
[02:10:23]     Residual threshold for 'clean' status: 0.15 m
[02:10:23] 
[02:10:23]     ✓ Station APO:
[02:10:23]         N obs     = 2,595
[02:10:23]         RMS       = 0.0316 m
[02:10:23]         Status    = CLEAN
[02:10:23]     ✓ Station Grasse:
[02:10:23]         N obs     = 19,390
[02:10:23]         RMS       = 0.0987 m
[02:10:23]         Status    = CLEAN
[02:10:23]     ✓ Station Matera:
[02:10:23]         N obs     = 346
[02:10:23]         RMS       = 0.0619 m
[02:10:23]         Status    = CLEAN
[02:10:23]     ✓ Station McDonald2:
[02:10:23]         N obs     = 3,139
[02:10:23]         RMS       = 0.0956 m
[02:10:23]         Status    = CLEAN
[02:10:23]     ✓ Station Haleakala:
[02:10:23]         N obs     = 737
[02:10:23]         RMS       = 0.1384 m
[02:10:23]         Status    = CLEAN
[02:10:23] 
[02:10:23] ═══ Systematic Analysis Summary:
[02:10:23]       Clean stations:  5/5
[02:10:23]       Noisy stations:  0/5
[02:10:23]       Overall status:  PASS
[02:10:23] 
[02:10:23] ═══ Generating Systematic Error Budget...
[02:10:23] 
[02:10:23] ═══ Systematic Error Budget Table:
[02:10:23]     Source                              Magnitude (cm)     % Contribution 
[02:10:23]     ----------------------------------------------------------------------
[02:10:23]     Ephemeris modeling (INPOP19a)       1.50               50.0           
[02:10:23]     Atmospheric delay modeling          0.50               16.7           
[02:10:23]     Instrumental systematic             0.30               10.0           
[02:10:23]     Retroreflector center-of-mass       0.20               6.7            
[02:10:23]     Tidal modeling                      0.40               13.3           
[02:10:23]     Thermal expansion                   0.10               3.3            
[02:10:23]     Unexplained residual variance       0.00               0.0            
[02:10:23]     ----------------------------------------------------------------------
[02:10:23]     Total Budget                        3.00               100.0          
[02:10:23]     Observed RMS                        9.48               -              
[02:10:23] 
[02:10:23] Results saved to results/outputs/step_006_systematic_error_analysis.json
[02:10:23] ✓   Systematic Error Analysis Complete.
