[10:58:50]     ============================================================
[10:58:50] ═══ FALSE-POSITIVE RATE SIMULATION (Step 062)
[10:58:50]     ============================================================
[10:58:50]     Data: 25,445 observations after 6σ MAD cleaning (762 outliers removed)
[10:58:50]     Observed η = -4.061155e-04 ± 6.577800e-05 (SNR = 6.17σ)
[10:58:50]     Null-residual AR(1): ρ = 0.4126, σε = 0.0559 m
[10:58:50] >>> Running 10,000 simulations (vectorized AR + QR batch)...
[10:58:52] 
[10:58:52] ═══ RESULTS
[10:58:52]       Simulations: 10,000
[10:58:52]       |η| ≥ |η_obs| in 0 / 10,000 trials
[10:58:52]       False-positive rate (exact p): 0.000000e+00
[10:58:52]       Conservative upper bound:     2.995284e-04
[10:58:52]       Null η mean:  1.707691e-06
[10:58:52]       Null η std:   1.002960e-04
[10:58:52]       Null 95% CI:  [-2.063411e-04, 1.938541e-04]
[10:58:52]       Null 99% CI:  [-2.715128e-04, 2.703050e-04]
[10:58:52]       Equivalent Gaussian σ: 4.05
[10:58:52] ✓     ZERO false positives in 10,000 trials
[10:58:52] ✓     p < 1/10,000 = 1.00e-04
[10:58:52] Results saved to results/outputs/step_062_false_positive_simulation.json
[10:58:52] ✓   False-Positive Simulation Complete.
