[20:14:00] ═══ Initiating Inter-Station Consistency Deep Scan...
[20:14:00]     Comparing 5 independent instruments:
[20:14:00]       Grasse    : η = -5.4018e-04 ± 1.0875e-04 (SNR=4.97σ)
[20:14:00]       Haleakala : η = 3.5535e-03 ± 1.4487e-03 (SNR=2.45σ)
[20:14:00]       McDonald2 : η = -5.0094e-04 ± 3.6058e-04 (SNR=1.39σ)
[20:14:00]       Matera    : η = -1.8131e-05 ± 8.7066e-04 (SNR=0.02σ)
[20:14:00]       APO       : η = -2.3984e-04 ± 8.6641e-05 (SNR=2.77σ)
[20:14:00] 
[20:14:00] >>> --- META-ANALYSIS SUMMARY ---
[20:14:00]     Combined η (fixed effects): -3.5118e-04 ± 6.6335e-05
[20:14:00]     Combined SNR:               5.29σ
[20:14:00]     Heterogeneity Q-statistic:  12.25 (df=4)
[20:14:00]     Heterogeneity p-value:      0.0156
[20:14:00]     I² statistic:               67.4%
[20:14:00] 
[20:14:00] ⚠   RESULT: Significant heterogeneity detected between stations (p < 0.05).
[20:14:00]     Systematic station-specific biases must be addressed in discussion.
[20:14:00] 
[20:14:00] >>> --- CONTROLLED POOLING (Step 050) ---
[20:14:00]     Common-eta pooled fit: η = -4.3213e-04 ± 6.7563e-05 (6.40σ)
[20:14:00]     F-test for station-specific η: F = 1.18, p = 0.3151
[20:14:00]     Pooled meta-analysis (station-specific systematics): η = -4.3717e-04 ± 6.7784e-05 (6.45σ), Q = 3.59, p_het = 0.1664
[20:14:00] ✓   RESULT: Controlled pooling supports a single common Nordtvedt parameter.
[20:14:00] Results saved to results/outputs/step_014_inter_station_consistency.json
[20:14:00] ✓   Consistency Analysis Complete.
