[02:10:21] ═══ Starting Temporal Drift Analysis...
[02:10:21] 
[02:10:21] ═══ Temporal Autocorrelation Analysis:
[02:10:21] 
[02:10:21]     Linear Regression Complete (N=2595, DOF=2593):
[02:10:21]       RSS=2.582930e+00, MSE=9.961166e-04, χ²_red=0.001
[02:10:21]       Birge Ratio = 0.032 (Scaling factor applied: 1.000)
[02:10:21]       Condition Number κ(R) = 1.95e+00
[02:10:21]       Final η = -2.39367737e-04 ± 8.64929544e-05
[02:10:21]     Linear Regression Complete (N=7067, DOF=7065):
[02:10:21]       RSS=1.759376e+02, MSE=2.490271e-02, χ²_red=0.025
[02:10:21]       Birge Ratio = 0.158 (Scaling factor applied: 1.000)
[02:10:21]       Condition Number κ(R) = 2.42e+00
[02:10:21]       Final η = -1.09683254e-03 ± 3.31880800e-04
[02:10:21]     Linear Regression Complete (N=12323, DOF=12321):
[02:10:21]       RSS=1.259581e+01, MSE=1.022304e-03, χ²_red=0.001
[02:10:21]       Birge Ratio = 0.032 (Scaling factor applied: 1.000)
[02:10:21]       Condition Number κ(R) = 1.90e+00
[02:10:21]       Final η = -2.92577534e-04 ± 4.17181081e-05
[02:10:21]     Linear Regression Complete (N=346, DOF=344):
[02:10:21]       RSS=1.323292e+00, MSE=3.846779e-03, χ²_red=0.004
[02:10:21]       Birge Ratio = 0.062 (Scaling factor applied: 1.000)
[02:10:21]       Condition Number κ(R) = 3.39e+00
[02:10:21]       Final η = -1.31298648e-05 ± 8.68490603e-04
[02:10:21]     Linear Regression Complete (N=2388, DOF=2386):
[02:10:21]       RSS=2.188554e+01, MSE=9.172482e-03, χ²_red=0.009
[02:10:21]       Birge Ratio = 0.096 (Scaling factor applied: 1.000)
[02:10:21]       Condition Number κ(R) = 3.06e+00
[02:10:21]       Final η = -1.79190324e-04 ± 4.13290698e-04
[02:10:21]     Linear Regression Complete (N=751, DOF=749):
[02:10:21]       RSS=6.423774e+00, MSE=8.576467e-03, χ²_red=0.009
[02:10:21]       Birge Ratio = 0.093 (Scaling factor applied: 1.000)
[02:10:21]       Condition Number κ(R) = 3.05e+00
[02:10:21]       Final η = -1.63897568e-03 ± 7.15182376e-04
[02:10:21]     Linear Regression Complete (N=737, DOF=735):
[02:10:21]       RSS=1.397838e+01, MSE=1.901821e-02, χ²_red=0.019
[02:10:21]       Birge Ratio = 0.138 (Scaling factor applied: 1.000)
[02:10:21]       Condition Number κ(R) = 4.14e+00
[02:10:21]       Final η = 3.54825014e-03 ± 1.44582873e-03
[02:10:21] 
[02:10:21] ═══ Autocorrelation Summary:
[02:10:21] ⚠     Stations with significant autocorrelation: 5/5
[02:10:21] 
[02:10:21] Results saved to results/outputs/step_004_temporal_drift_analysis.json
[02:10:21] ✓   Temporal Drift Analysis Complete.
