[19:29:56] ═══ ═══ Step 070: DE430 Full Environmental Model (Raw) ═══
[19:29:56]     DE430 raw: N=4,597
[19:29:56]     Computing environmental projections...
[19:29:56]     --- Model 1: cosD only (raw, no outlier removal) ---
[19:29:56]       η = -5.5325e-06 ± 5.6061e-04 (0.01σ)
[19:29:56]     --- Model 2: cosD + 1/r_⊙ + v_r + cos(θ_CMB) ---
[19:29:56]       η = 1.5861e-04 ± 5.6307e-04 (0.28σ)
[19:29:56]         inv_r     : coeff=+1.097e+00 ± 3.603e-01  t=3.04, p=0.0024
[19:29:56]         v_r       : coeff=-6.740e-03 ± 1.074e-02  t=-0.63, p=0.5304
[19:29:56]         cos_cmb   : coeff=-1.092e-02 ± 5.839e-03  t=-1.87, p=0.0614
[19:29:56]         const     : coeff=-1.084e+00 ± 3.601e-01  t=-3.01, p=0.0026
[19:29:56]     --- Model 3: full systematic + environmental ---
[19:29:56]       η = 3.2866e-04 ± 5.8595e-04 (0.56σ)
[19:29:56]     --- Model 4: cosD after partialing environmental ---
[19:29:56]       η (after partialing env) = 1.5691e-04 ± 5.5988e-04 (0.28σ)
[19:29:56]     --- Sideband phase diagnostic ---
[19:29:56]       Corr(residual, cos(D-l')) = +0.0529 (p=3.2878e-04)
[19:29:56]       Corr(residual, cos(D+l')) = +0.0090 (p=5.4376e-01)
[19:29:56]       6σ outliers: 37 (0.80%)
[19:29:56]       Outlier correlation with |cos(D-l')|: +0.0246
[19:29:56]       Outlier correlation with |cos(D+l')|: +0.0095
[19:29:56] Results saved to results/outputs/step_070_de430_full_environmental.json
[19:29:56] ✓   Step 070 complete.
