[19:25:16]     Step 038: Tidal Resonance Analysis
[19:25:16]     Critiquing North Atlantic resonance explanation vs TEP
[19:25:16]     Analyzing tidal resonance model...
[19:25:16]     Testing predictive power...
[19:25:16]     Results saved to: results/outputs/step_038_tidal_resonance_analysis.json
[19:25:16]     
=== Tidal Resonance Analysis Summary ===
[19:25:16]     Measured recession: 3.82 cm/yr
[19:25:16]     Historical average: 1.70 cm/yr
[19:25:16] ⚠   Discrepancy: 2.25× higher
[19:25:16]     
Resonance Model Critique:
[19:25:16] ⚠     - Ad hoc (post-hoc fit)
[19:25:16] ⚠     - Requires fine-tuned continental geometry
[19:25:16] ⚠     - No physical mechanism for Q change
[19:25:16] ⚠     - No predictive power
[19:25:16]     
TEP Alternative:
[19:25:16]       - Physical mechanism (dynamical φ field)
[19:25:16]       - No fine-tuning required
[19:25:16]       - Makes multiple testable predictions
[19:25:16]       - Perihelion-aphelion split: Perihelion η = -2.8082e-04 versus aphelion subset; 1.42σ cosD-only differential (Step 022)
[19:25:16]     
Verdict: TEP provides superior explanation
[19:25:16]     Step 038 completed successfully
