[02:11:44] ═══ ═══ Starting Leverage Temporal Clustering analysis...
[02:11:44]     ═══ STEP PURPOSE: Identify high-leverage points from OLS fit and bin into temporal epochs to investigate OLS vs Theil-Sen divergence
[02:11:44]     ═══ METHOD: Cook's Distance calculation, temporal binning (5-year epochs), station distribution analysis
[02:11:44]     ═══ PARAMETERS: Cook's D threshold=4/n, epoch bin size=5 years
[02:11:44] >>> Starting Leverage Temporal Clustering analysis...
[02:11:44]     ═══ DATA SUMMARY
[02:11:44]         Dataset: N = 26,207 observations
[02:11:44]         Data source: INPOP19a_all_stations_residuals.csv
[02:11:46]     ═══ ANALYSIS TRACE
[02:11:46] >>> >>> Calculating Cook's Distance for all observations
[02:11:46] >>> >>> Identifying high-leverage points (threshold = 1.526310e-04)
[02:11:46] >>> >>> Binning high-leverage points into 5-year epochs
[02:11:46] >>> >>> Analyzing station distribution of high-leverage points
[02:11:46]     ═══ RESULTS SUMMARY
[02:11:46]         Total High-Leverage Points: 1,030
[02:11:46]         Cook's D threshold: 1.526310e-04
[02:11:46]         Clustered Anomalies Detected: True
[02:11:46]         Grasse Dominated: True
[02:11:46]     ═══ INTERPRETATION
[02:11:46]         High-leverage points binned into 5-year epochs
[02:11:46]         Overrepresentation factor > 1.5 indicates specific hardware era or localized anomaly
[02:11:46]         Station distribution analysis tests for instrument-specific effects
[02:11:46]     ═══ REPRODUCIBILITY
[02:11:46]         Output file: results/outputs/step_027_leverage_temporal_clustering.json
[02:11:46]         Cook's D threshold: 4/n
[02:11:46]         Epoch bin size: 5 years
[02:11:46]         Data source: INPOP19a_all_stations_residuals.csv
[02:11:46]     Total High-Leverage Points: 1030
[02:11:46]     Clustered Anomalies Detected? True
[02:11:46] ✓   Leverage Temporal Clustering Complete.
[02:11:46]     Saved results to results/outputs/step_027_leverage_temporal_clustering.json
