[20:18:42] ═══ ═══ Starting Step 020: Temporal Amplitude Evolution Analysis...
[20:18:42]     ═══ STEP PURPOSE: Investigate whether TEP signal amplitude varies over time (secular trends, instrumental changes)
[20:18:42]     ═══ METHOD: Sliding window correlation analysis, secular trend testing, instrumental timeline correlation
[20:18:42]     ═══ PARAMETERS: Window size=5 years, step size=2 years, station window=7 years
[20:18:42] Step 020: Temporal Amplitude Evolution Analysis
[20:18:42]     ═══ DATA SUMMARY
[20:18:42]         Dataset: N = 26,207 observations
[20:18:42]         Data source: INPOP19a_all_stations_residuals.csv
[20:18:42]     ═══ ANALYSIS TRACE
[20:18:42] >>> >>> Running sliding window analysis
[20:18:42] Running sliding window analysis...
[20:18:42] >>> >>> Testing for secular trends
[20:18:42] Testing for secular trends...
[20:18:42] >>> >>> Correlating with instrumental timeline
[20:18:42] Correlating with instrumental timeline...
[20:18:42] >>> >>> Station-specific temporal analysis (Grasse, APO)
[20:18:42] Station-specific temporal analysis...
[20:18:42]     ═══ RESULTS SUMMARY
[20:18:42]         Windows analyzed: 16
[20:18:42]         Significant windows: 7
[20:18:42]         Amplitude trend significant: False
[20:18:42]         Consistency assessment: amplitude_varies_significantly
[20:18:42]     ═══ INTERPRETATION
[20:18:42]         Trend interpretation: amplitude_varies_instrumental
[20:18:42]         Physical variation likely: False
[20:18:42]         Systematic drift likely: True
[20:18:42]     ═══ REPRODUCIBILITY
[20:18:42]         Output file: results/outputs/step_020_temporal_amplitude.json
[20:18:42]         Window size: 5 years
[20:18:42]         Step size: 2 years
[20:18:42] Results saved to results/outputs/step_020_temporal_amplitude.json
[20:18:42] Windows analyzed: 16
[20:18:42] Significant windows: 7
[20:18:42] Trend interpretation: amplitude_varies_instrumental
