[10:58:53]     ============================================================
[10:58:53] ═══ INPOP19a OUTLIER THRESHOLD SENSITIVITY (Step 063)
[10:58:53]     ============================================================
[10:58:53]     Full dataset: 26,207 observations
[10:58:53] >>> Running threshold sweep (3σ–10σ MAD)...
[10:58:53]     Threshold sweep results:
[10:58:53]       3sigma: η=-2.733993e-04 ± 4.291526e-05 (SNR=6.37σ, N=23,471)
[10:58:53]       4sigma: η=-2.808882e-04 ± 5.029006e-05 (SNR=5.59σ, N=24,539)
[10:58:53]       5sigma: η=-2.845968e-04 ± 5.591262e-05 (SNR=5.09σ, N=25,104)
[10:58:53]       6sigma: η=-3.177267e-04 ± 6.051938e-05 (SNR=5.25σ, N=25,445)
[10:58:53]       7sigma: η=-3.254191e-04 ± 6.415450e-05 (SNR=5.07σ, N=25,651)
[10:58:53]       8sigma: η=-3.178754e-04 ± 6.712191e-05 (SNR=4.74σ, N=25,780)
[10:58:53]       9sigma: η=-3.093210e-04 ± 7.012780e-05 (SNR=4.41σ, N=25,886)
[10:58:53]       10sigma: η=-3.355207e-04 ± 7.214260e-05 (SNR=4.65σ, N=25,945)
[10:58:53]     
6σ outliers: 762 (2.9%)
[10:58:53]     Phase-bin χ² = 18.31, p = 0.0004
[10:58:53] >>> 
Running bootstrap (10000 draws)...
[10:59:01]     Bootstrap 95% CI for η: [-4.233982e-04, -2.115718e-04]
[10:59:01] >>> 
Running permutation test (10000 shuffles)...
[10:59:04]     Permutation p = 0.000000e+00 (0/10,000)
[10:59:04]     
η range across thresholds: 6.212137e-05
[10:59:04]     η mean across thresholds:  -3.055934e-04
[10:59:04] Results saved to results/outputs/step_063_outlier_sensitivity.json
[10:59:04] ✓   Outlier Sensitivity Analysis Complete.
