[13:27:31]     ======================================================================
[13:27:31] ═══ STEP 064: SOLAR RADIATION PRESSURE SYSTEMATIC CHECK
[13:27:31]     ======================================================================
[13:27:31]     Outlier cleaning: 762/26207 removed (6σ)
[13:27:31]     Clean dataset: N = 25,445
[13:27:34] 
[13:27:34] >>> TEST 1: COLLINEARITY DIAGNOSTIC
[13:27:34]       Pearson r(cosD, SRP_proxy) = 0.999723
[13:27:34]       VIF(SRP_proxy) = 1807.72
[13:27:34] ⚠     WARNING: VIF > 10 indicates severe multicollinearity; joint OLS decomposition is unreliable.
[13:27:34] 
[13:27:34] >>> TEST 2: DETRENDED-RESIDUAL SRP CORRELATION
[13:27:34]       After removing best-fit TEP cos(D) signal (eta = -3.1779e-04)
[13:27:34]       r(detrended, SRP_proxy) = -3.221644e-04
[13:27:34]       p-value = 9.5902e-01
[13:27:34]       SNR = 0.05σ
[13:27:34]       RESULT: No significant correlation with SRP proxy after TEP detrending. SRP does not explain residual variance beyond the TEP cos(D) term.
[13:27:34] 
[13:27:34] >>> TEST 3: SRP SCALING TEST (central)
[13:27:34]       Bins: 10 (N per bin: 1661–5155)
[13:27:34]       Fit: eta(r) = C + M / r^2
[13:27:34]       C = 6.0011e-03 ± 2.7947e-03  (t = 2.15, p = 0.064)
[13:27:34]       M = -6.3247e-03 ± 2.8079e-03  (t = -2.25, p = 0.054)
[13:27:34]       χ²_red = 4.83
[13:27:34]       Expected M for pure SRP = -3.1776e-04
[13:27:34] ⚠     The 1/r² slope is marginal but not statistically significant at the 5% level, and its sign or magnitude is inconsistent with the simple SRP prediction. This is a bounded caution, not a positive SRP detection.
[13:27:34] 
[13:27:34] >>> TEST 4: PERIHELION–APHELION DIFFERENTIAL
[13:27:34]       Perihelion η = -2.8102e-04 ± 1.9181e-04 (N=3817)
[13:27:34]       Aphelion   η = 5.9407e-05 ± 1.5747e-04 (N=3819)
[13:27:34]       Δη = -3.4043e-04 ± 2.4817e-04  (SNR = 1.37σ)
[13:27:34]       SRP-predicted Δη ≈ -1.5803e-05
[13:27:34] 
[13:27:34] ═══ OVERALL SUMMARY
[13:27:34]       SRP test outcome: NO_SRP_SIGNATURE
[13:27:34]       All four tests fail to detect an SRP signature. The synodic-phase modulation is consistent with a heliocentric-distance-independent Nordtvedt-like signal and inconsistent with a simple unmodeled-SRP origin. INPOP19a's built-in SRP modeling, combined with the lack of 1/r² scaling in the residuals, rules out SRP as the dominant source of the detected signal.
[13:27:34]     ======================================================================
[13:27:34] Results saved to results/outputs/step_064_srp_systematic_check.json
