[01:59:32] ═══ Starting INPOP MINI format preprocessing...
[01:59:32] ═══ Processing INPOP LLR residuals for TEP analysis
[01:59:32] >>> Processing APO data from data/raw/INPOP19a_APO_residuals.txt
[01:59:33]     Parsed 2595 observations
[01:59:33]     Computing Moon elongation angles for APO...
[01:59:33] ✓   Saved 2595 observations to APO_residuals.csv
[01:59:33]       Residual RMS: 0.032 m
[01:59:33] >>> Processing Grasse data from data/raw/INPOP19a_Grasse_residuals.txt
[01:59:41]     Parsed 19390 observations
[01:59:41]     Computing Moon elongation angles for Grasse...
[01:59:41] ✓   Saved 19390 observations to Grasse_residuals.csv
[01:59:41]       Residual RMS: 0.099 m
[01:59:41] >>> Processing Matera data from data/raw/INPOP19a_Matera_residuals.txt
[01:59:41]     Parsed 346 observations
[01:59:41]     Computing Moon elongation angles for Matera...
[01:59:42] ✓   Saved 346 observations to Matera_residuals.csv
[01:59:42]       Residual RMS: 0.062 m
[01:59:42] >>> Processing McDonald2 data from data/raw/INPOP19a_McDonald2_residuals.txt
[01:59:44]     Parsed 3139 observations
[01:59:44]     Computing Moon elongation angles for McDonald2...
[01:59:44] ✓   Saved 3139 observations to McDonald2_residuals.csv
[01:59:44]       Residual RMS: 0.096 m
[01:59:44] >>> Processing Haleakala data from data/raw/INPOP19a_Haleakala_residuals.txt
[01:59:44]     Parsed 737 observations
[01:59:44]     Computing Moon elongation angles for Haleakala...
[01:59:44] ✓   Saved 737 observations to Haleakala_residuals.csv
[01:59:44]       Residual RMS: 0.138 m
[01:59:45] ✓   Combined 26207 observations from all stations
[01:59:45] ═══ 
Combined statistics:
[01:59:45]     Total observations: 26207
[01:59:45]     Residual RMS: 0.095 m
[01:59:45] Results saved to results/outputs/step_001_data_preprocessing.json
[01:59:45] ✓   Preprocessing complete.
