[02:10:14] ═══ ═══ Starting Step 003: Advanced TEP Detection Analysis...
[02:10:14]     ═══ STEP PURPOSE: Comprehensive TEP detection using 17 robust statistical methods
[02:10:14]     ═══ METHOD: Bootstrap correlation, OLS regression, station-by-station analysis, leverage analysis
[02:10:14]     ═══ PARAMETERS: Random seed=42, bootstrap samples=10000, Theil-Sen samples=100000
[02:10:14]     ═══ DATA SUMMARY
[02:10:14]     Loading residual data...
[02:10:14]         Dataset: N = 26,207 observations
[02:10:14]         Stations: ['APO', 'Grasse', 'Haleakala', 'Matera', 'McDonald2']
[02:10:14]     ═══ ANALYSIS TRACE
[02:10:14] ═══ Running comprehensive TEP detection analysis...
[02:10:14]     Running bootstrap correlation analysis...
[02:10:19]     Running OLS regression...
[02:10:20]     Running station-by-station analysis...
[02:10:20]     ═══ RESULTS SUMMARY
[02:10:20]         Bootstrap correlation r: -0.0304
[02:10:20]         95% CI: [-0.0411, -0.0197]
[02:10:20]         Stations analyzed: 5
[02:10:20]     ═══ INTERPRETATION
[02:10:20]         Bootstrap correlation provides robust non-parametric confidence intervals
[02:10:20]         Station-by-station analysis tests cross-instrumental consistency
[02:10:20]         Multiple statistical methods ensure robustness of TEP detection
[02:10:20]     ═══ REPRODUCIBILITY
[02:10:20]         Output file: results/outputs/step_003_detection_analysis_advanced.json
[02:10:20]         Random seed: 42
[02:10:20]         Bootstrap samples: 10000
[02:10:20]         Theil-Sen samples: 100000
[02:10:20] ✓   Results saved to step_003_detection_analysis_advanced.json
[02:10:20]     Bootstrap r=-0.0304 [-0.0411, -0.0197]
