[20:11:22] ═══ ═══ Starting Step 018: Station Quality Diagnostics...
[20:11:22]     ═══ STEP PURPOSE: Investigate Haleakala and other station anomalies through quality metrics
[20:11:22]     ═══ METHOD: Quality metrics comparison (RMS, outlier rate, gaps), systematic correlation analysis, quality-cut sensitivity tests
[20:11:22]     ═══ PARAMETERS: IQR outlier threshold=3×, quality cut max residual=0.5m
[20:11:22] Step 018: Station Quality Diagnostics
[20:11:22]     ═══ DATA SUMMARY
[20:11:22]         Dataset: N = 26,207 observations
[20:11:22]         Stations: ['APO', 'Grasse', 'Haleakala', 'Matera', 'McDonald2']
[20:11:22]         Data source: INPOP19a_all_stations_residuals.csv
[20:11:22]     ═══ ANALYSIS TRACE
[20:11:22] >>> >>> Analyzing station quality metrics across all stations
[20:11:22] Analyzing station quality metrics...
[20:11:22] >>> >>> Detailed analysis of Haleakala anomaly
[20:11:22] Detailed analysis of Haleakala anomaly...
[20:11:22] >>> >>> Testing Haleakala quality cuts
[20:11:22] Testing Haleakala quality cuts...
[20:11:22] >>> >>> Analyzing McDonald2 era split
[20:11:22]     ═══ RESULTS SUMMARY
[20:11:22]         Stations analyzed: 5
[20:11:22]         Quality outliers identified: 0
[20:11:22]         Haleakala RMS: 13.8 cm
[20:11:22]         Haleakala n_obs: 737
[20:11:22]         Haleakala likely causes: ['small_sample']
[20:11:22]         Multi-station confidence: HIGH
[20:11:22]     ═══ INTERPRETATION
[20:11:22]         Haleakala positive η explained by: small_sample
[20:11:22]         Station quality analysis tests for systematic biases
[20:11:22]         Quality-cut sensitivity tests validate signal robustness
[20:11:22]     ═══ REPRODUCIBILITY
[20:11:22]         Output file: results/outputs/step_018_station_quality.json
[20:11:22]         IQR outlier threshold: 3×
[20:11:22]         Quality cut max residual: 0.5m
[20:11:22] Haleakala RMS: 13.8 cm
[20:11:22] Haleakala n_obs: 737
[20:11:22] Haleakala likely causes: ['small_sample']
[20:11:22] Results saved to results/outputs/step_018_station_quality.json
