[11:50:28] ═══ Starting Multi-Ephemeris Comparison...
[11:50:28]     Sigma Outlier Detection: median=-0.000, MAD=0.027, sigma=0.040
[11:50:28]       Threshold=0.239 (6.0σ), Count=762
[11:50:28]     Linear Regression Complete (N=25445, DOF=25443):
[11:50:28]       RSS=9.665854e+01, MSE=3.799023e-03, χ²_red=0.004
[11:50:28]       Birge Ratio = 0.062 (Scaling factor applied: 1.000)
[11:50:28]       Condition Number κ(R) = 2.11e+00
[11:50:28]       Final η = -3.17726662e-04 ± 6.05193844e-05
[11:50:28]       Ephemeris INPOP19a summary:
[11:50:28]         η   = -3.1773e-04 ± 6.0519e-05
[11:50:28]         SNR = 5.25σ
[11:50:28]         N   = 26207 (used=25445, outliers_removed=762)
[11:50:28]     Sigma Outlier Detection: median=0.022, MAD=0.033, sigma=0.050
[11:50:28]       Threshold=0.297 (6.0σ), Count=37
[11:50:28]     Linear Regression Complete (N=4560, DOF=4558):
[11:50:28]       RSS=1.416414e+01, MSE=3.107534e-03, χ²_red=0.003
[11:50:28]       Birge Ratio = 0.056 (Scaling factor applied: 1.000)
[11:50:28]       Condition Number κ(R) = 1.87e+00
[11:50:28]       Final η = -7.04120478e-04 ± 1.18236800e-04
[11:50:28]       Ephemeris DE430 summary:
[11:50:28]         η   = -7.0412e-04 ± 1.1824e-04
[11:50:28]         SNR = 5.96σ
[11:50:28]         N   = 4597 (used=4560, outliers_removed=37)
[11:50:28] Results saved to results/outputs/step_006_multi_ephemeris_comparison.json
[11:50:28] ✓   Multi-Ephemeris Comparison Complete.
