[02:10:22] ═══ Starting Multi-Ephemeris Comparison...
[02:10:22]     Sigma Outlier Detection: median=-0.000, MAD=0.027, sigma=0.040
[02:10:22]       Threshold=0.239 (6.0σ), Count=762
[02:10:22]     Linear Regression Complete (N=25445, DOF=25443):
[02:10:22]       RSS=9.665864e+01, MSE=3.799027e-03, χ²_red=0.004
[02:10:22]       Birge Ratio = 0.062 (Scaling factor applied: 1.000)
[02:10:22]       Condition Number κ(R) = 2.11e+00
[02:10:22]       Final η = -3.16979820e-04 ± 6.04065838e-05
[02:10:22]       Ephemeris INPOP19a summary:
[02:10:22]         η   = -3.1698e-04 ± 6.0407e-05
[02:10:22]         SNR = 5.25σ
[02:10:22]         N   = 26207 (used=25445, outliers_removed=762)
[02:10:22]     Sigma Outlier Detection: median=0.022, MAD=0.033, sigma=0.050
[02:10:22]       Threshold=0.297 (6.0σ), Count=37
[02:10:22]     Linear Regression Complete (N=4560, DOF=4558):
[02:10:22]       RSS=1.416411e+01, MSE=3.107528e-03, χ²_red=0.003
[02:10:22]       Birge Ratio = 0.056 (Scaling factor applied: 1.000)
[02:10:22]       Condition Number κ(R) = 1.86e+00
[02:10:22]       Final η = -7.02800624e-04 ± 1.18001960e-04
[02:10:22]       Ephemeris DE430 summary:
[02:10:22]         η   = -7.0280e-04 ± 1.1800e-04
[02:10:22]         SNR = 5.96σ
[02:10:22]         N   = 4597 (used=4560, outliers_removed=37)
[02:10:22] Results saved to results/outputs/step_005_multi_ephemeris_comparison.json
[02:10:22] ✓   Multi-Ephemeris Comparison Complete.
