[20:14:01] ═══ ═══ Step 048: CMB Dipole Anisotropy Test ═══
[20:14:01] >>> Computing CMB-frame projections via DE421/Skyfield...
[20:14:01]     v_parallel range: -28.758 – 29.670 km/s
[20:14:01]     v_perp range: 5.757 – 29.977 km/s
[20:14:01]     cos(θ_EM-CMB) range: -0.9943 – 0.9943
[20:14:01]     Correlation r(v_parallel, r) = -0.9211
[20:14:01]     Correlation r(cos(D), cosθ_EM-CMB) = 0.0499
[20:14:01]     Cleaned dataset: 25,445 observations (762 outliers removed)
[20:14:01] ═══ ═══ MODEL A: Annual CMB velocity projection ═══
[20:14:01]     High v_parallel (> 24.701): η = -1.0258e-03 ± 1.7651e-04
[20:14:01]     Low v_parallel (< -24.345):  η = -1.3731e-04 ± 1.6465e-04
[20:14:01]     Δη = -8.8847e-04 ± 2.4138e-04 (3.68σ)
[20:14:01] ═══ ═══ MODEL B: Monthly Earth-Moon orientation anisotropy ═══
[20:14:01]     High cosθ (> 0.841): η = -8.4400e-04 ± 1.4867e-04
[20:14:01]     Low cosθ (< -0.898):  η = 9.2188e-04 ± 1.6654e-04
[20:14:01]     Δη = -1.7659e-03 ± 2.2325e-04 (7.91σ)
[20:14:01] ═══ ═══ MODEL C: Joint CMB anisotropy fit ═══
[20:14:01]     Joint CMB: η = -2.8482e-04 + -1.0551e-05·v_parallel + -7.7669e-04·cos(θ)
[20:14:01]       η_vpar: -1.0551e-05 ± 3.0199e-06 (t=-3.49, p=0.0005)
[20:14:01]       η_theta: -7.7669e-04 ± 8.1286e-05 (t=-9.56, p=0.0000)
[20:14:01]       AIC simple=-141803.3, CMB-only=-141810.9, dist-vel=-141809.8, joint-CMB=-141900.1
[20:14:01]       ΔAIC(CMB-only vs simple) = -7.6
[20:14:01]       ΔAIC(dist-vel vs simple) = -6.6
[20:14:01]       ΔAIC(joint-CMB vs simple) = -96.8
[20:14:01] ✓   Joint CMB model preferred (ΔAIC < -2)
[20:14:01] ═══ ═══ REFINEMENT A: Orthogonalized v_parallel ═══
[20:14:01]     Residual v_parallel (after removing r): r(v_perp, r) = 0.0000
[20:14:01]     Orthogonalized: η_vpar_perp = -5.5372e-05 ± 7.9969e-06 (t=-6.92, p=0.0000)
[20:14:01]     Orthogonalized: η_theta     = -9.9882e-04 ± 8.7896e-05 (t=-11.36, p=0.0000)
[20:14:01] ═══ ═══ REFINEMENT B: Full joint (synodic + distance + v_r + cosθ) ═══
[20:14:01]     Full joint: η_r = 7.1352e-03 ± 5.1951e-03 (t=1.37, p=0.1696)
[20:14:01]     Full joint: η_vr = 1.1030e-03 ± 1.6958e-04 (t=6.50, p=0.0000)
[20:14:01]     Full joint: η_theta = -9.7721e-04 ± 8.8659e-05 (t=-11.02, p=0.0000)
[20:14:01] ═══ ═══ REFINEMENT C: cosθ marginal contribution (nested models) ═══
[20:14:01]     Base model (synodic + dist + v_r): AIC = -141809.8
[20:14:01]     +cosθ model: AIC = -141929.1, ΔAIC = -119.2
[20:14:01]     F(1, 25440) = 121.49, p = 0.0000
[20:14:01]     cosθ partial η = -9.7721e-04 ± 8.8659e-05 (t=-11.02, p=0.0000)
[20:14:01] ═══ ═══ Phase offset test ═══
[20:14:01]     CMB-phase annual sin: η = 2.7173e-04 ± 8.8447e-05 (t=3.07, p=0.0021)
[20:14:01]     CMB-phase annual cos: η = 1.1125e-04 ± 7.5548e-05 (t=1.47, p=0.1409)
[20:14:01]     Joint F(2, 25441) = 5.81, p = 0.0030
[20:14:01] ═══ ═══ Binned anisotropy analysis ═══
[20:14:01]     Binned trend: dη/dcos(θ) = -1.0489e-03 ± 2.2123e-04 (t=-4.74, p=0.0032)
[20:14:01] ═══ ═══ Directional specificity test ═══
[20:14:01]     Perpendicular-1: Δη = -5.6743e-04 ± 2.0587e-04 (2.76σ)
[20:14:01]     Anti-CMB: Δη = 1.7659e-03 ± 2.2325e-04 (7.91σ)
[20:14:01]     Perpendicular-2: Δη = -4.5873e-04 ± 2.2486e-04 (2.04σ)
[20:14:01]     Anti-CMB |Δη| / True CMB |Δη| = 1.000 (expect ≈1.0 for dipole)
[20:14:01]     Max perpendicular σ / True CMB σ = 0.348 (expect ≈0 for pure dipole)
[20:14:01]     True CMB: 7.91σ; Null directions >2σ: 3/3
[20:14:01] ═══ ═══ Joint-model null-direction control ═══
[20:14:01]     True CMB: η_θ = -9.7721e-04 ± 8.8659e-05 (t=-11.02, p=0.0000); AIC=-141929.1
[20:14:01]     CMB +90° (perp1): η_θ = -2.1571e-04 ± 9.8053e-05 (t=-2.20, p=0.0278); AIC=-141812.7
[20:14:01]     CMB +90° (perp2): η_θ = -1.1252e-03 ± 2.1782e-04 (t=-5.17, p=0.0000); AIC=-141834.5
[20:14:01]     CMB +180° (antipode): η_θ = 9.7721e-04 ± 8.8659e-05 (t=11.02, p=0.0000); AIC=-141929.1
[20:14:01]     ΔAIC(perp1 vs true) = 116.4; ΔAIC(perp2 vs true) = 94.5; ΔAIC(antipode vs true) = 0.0
[20:14:01]     |η_θ|/σ: true=11.02, perp1=2.20, perp2=5.17, antipode=11.02
[20:14:01] ═══ ═══ Higher-order multipole test ═══
[20:14:01]     Dipole: η = -1.0406e-03 ± 9.9352e-05
[20:14:01]     Quadrupole: η = 1.4992e-04 ± 1.1328e-04
[20:14:01]     Octupole: η = 2.1430e-04 ± 1.3917e-04
[20:14:01]     Joint F(2, 25438) = 1.83, p = 0.1603
[20:14:01] ═══ ═══ Bootstrap robustness (n=200) ═══
[20:14:01]     η_θ bootstrap: -9.8399e-04 ± 7.2033e-05 [95% CI: -1.1161e-03, -8.4530e-04]
[20:14:01]     η_vr bootstrap: 1.1100e-03 ± 1.5636e-04 [95% CI: 8.0829e-04, 1.4337e-03]
[20:14:01]     η_r bootstrap: 7.0706e-03 ± 5.1756e-03 [95% CI: -2.7107e-03, 1.6055e-02]
[20:14:01] ═══ ═══ Annual envelope of monthly anisotropy ═══
[20:14:01]     Annual envelope sin: η = 1.0801e-03 ± 1.3082e-04 (t=8.26, p=0.0000)
[20:14:01]     Annual envelope cos: η = -3.1697e-04 ± 1.2667e-04 (t=-2.50, p=0.0123)
[20:14:01]     Joint F(2, 25440) = 15.11, p = 0.0000
[20:14:01] ═══ ═══ Cross-station consistency ═══
[20:14:01]     APO: split Δη = 2.6162e-04 (0.78σ); joint η_r=-3.02e-02 η_vr=8.80e-04 η_θ=-4.63e-04
[20:14:01]     Grasse: split Δη = -2.3314e-03 (9.71σ); joint η_r=2.13e-02 η_vr=1.41e-03 η_θ=-1.26e-03
[20:14:01]     Haleakala: split Δη = 8.1392e-03 (2.03σ); joint η_r=4.95e-02 η_vr=-6.51e-04 η_θ=3.84e-03
[20:14:01]     McDonald2: split Δη = -1.5172e-03 (1.30σ); joint η_r=-3.16e-02 η_vr=-1.17e-03 η_θ=5.48e-04
[20:14:01]     Stations with significant cosθ effect: 2/4
[20:14:01] ✓   RESULT: Significant CMB-frame anisotropy detected.
[20:14:01] Results saved to results/outputs/step_048_cmb_anisotropy.json
[20:14:01] ✓   CMB Anisotropy analysis complete.
