[20:46:28] ═══ Starting Subsample Robustness Test...
[20:46:28]     Linear Regression Complete (N=26207, DOF=26205):
[20:46:28]       RSS=2.353485e+02, MSE=8.981054e-03, χ²_red=0.009
[20:46:28]       Birge Ratio = 0.095 (Scaling factor applied: 1.000)
[20:46:28]       Condition Number κ(R) = 2.11e+00
[20:46:28]       Final η = -4.52479273e-04 ± 9.17754450e-05
[20:46:28]     Linear Regression Complete (N=20965, DOF=20963):
[20:46:28]       RSS=1.883914e+02, MSE=8.986854e-03, χ²_red=0.009
[20:46:28]       Birge Ratio = 0.095 (Scaling factor applied: 1.000)
[20:46:28]       Condition Number κ(R) = 2.11e+00
[20:46:28]       Final η = -4.33146145e-04 ± 1.02557938e-04
[20:46:28]     Linear Regression Complete (N=20965, DOF=20963):
[20:46:28]       RSS=1.880137e+02, MSE=8.968833e-03, χ²_red=0.009
[20:46:28]       Birge Ratio = 0.095 (Scaling factor applied: 1.000)
[20:46:28]       Condition Number κ(R) = 2.12e+00
[20:46:28]       Final η = -4.06788443e-04 ± 1.02763569e-04
[20:46:28]     Linear Regression Complete (N=20965, DOF=20963):
[20:46:28]       RSS=1.860187e+02, MSE=8.873668e-03, χ²_red=0.009
[20:46:28]       Birge Ratio = 0.094 (Scaling factor applied: 1.000)
[20:46:28]       Condition Number κ(R) = 2.11e+00
[20:46:28]       Final η = -3.92007407e-04 ± 1.02000324e-04
[20:46:28]     Linear Regression Complete (N=20965, DOF=20963):
[20:46:28]       RSS=1.949135e+02, MSE=9.297976e-03, χ²_red=0.009
[20:46:28]       Birge Ratio = 0.096 (Scaling factor applied: 1.000)
[20:46:28]       Condition Number κ(R) = 2.12e+00
[20:46:28]       Final η = -4.68877715e-04 ± 1.04629804e-04
[20:46:28]     Linear Regression Complete (N=20965, DOF=20963):
[20:46:28]       RSS=1.888057e+02, MSE=9.006616e-03, χ²_red=0.009
[20:46:28]       Birge Ratio = 0.095 (Scaling factor applied: 1.000)
[20:46:28]       Condition Number κ(R) = 2.11e+00
[20:46:28]       Final η = -4.30005271e-04 ± 1.02817436e-04
[20:46:28]     Linear Regression Complete (N=20965, DOF=20963):
[20:46:28]       RSS=1.844065e+02, MSE=8.796761e-03, χ²_red=0.009
[20:46:28]       Birge Ratio = 0.094 (Scaling factor applied: 1.000)
[20:46:28]       Condition Number κ(R) = 2.11e+00
[20:46:28]       Final η = -4.75291900e-04 ± 1.01436439e-04
[20:46:28]     Linear Regression Complete (N=20965, DOF=20963):
[20:46:28]       RSS=1.820665e+02, MSE=8.685136e-03, χ²_red=0.009
[20:46:28]       Birge Ratio = 0.093 (Scaling factor applied: 1.000)
[20:46:28]       Condition Number κ(R) = 2.12e+00
[20:46:28]       Final η = -4.51867353e-04 ± 1.01071099e-04
[20:46:28]     Linear Regression Complete (N=20965, DOF=20963):
[20:46:28]       RSS=1.871123e+02, MSE=8.925837e-03, χ²_red=0.009
[20:46:28]       Birge Ratio = 0.094 (Scaling factor applied: 1.000)
[20:46:28]       Condition Number κ(R) = 2.11e+00
[20:46:28]       Final η = -4.32543549e-04 ± 1.02201839e-04
[20:46:28]     Linear Regression Complete (N=20965, DOF=20963):
[20:46:28]       RSS=1.925336e+02, MSE=9.184448e-03, χ²_red=0.009
[20:46:28]       Birge Ratio = 0.096 (Scaling factor applied: 1.000)
[20:46:28]       Condition Number κ(R) = 2.12e+00
[20:46:28]       Final η = -4.36132907e-04 ± 1.04028693e-04
[20:46:28]     Linear Regression Complete (N=20965, DOF=20963):
[20:46:28]       RSS=1.892642e+02, MSE=9.028488e-03, χ²_red=0.009
[20:46:28]       Birge Ratio = 0.095 (Scaling factor applied: 1.000)
[20:46:28]       Condition Number κ(R) = 2.11e+00
[20:46:28]       Final η = -4.04267985e-04 ± 1.02807473e-04
[20:46:28]     Linear Regression Complete (N=20965, DOF=20963):
[20:46:28]       RSS=1.935534e+02, MSE=9.233096e-03, χ²_red=0.009
[20:46:28]       Birge Ratio = 0.096 (Scaling factor applied: 1.000)
[20:46:28]       Condition Number κ(R) = 2.11e+00
[20:46:28]       Final η = -4.13833080e-04 ± 1.03815198e-04
[20:46:28]     Linear Regression Complete (N=23612, DOF=23610):
[20:46:28]       RSS=2.327587e+02, MSE=9.858479e-03, χ²_red=0.010
[20:46:28]       Birge Ratio = 0.099 (Scaling factor applied: 1.000)
[20:46:28]       Condition Number κ(R) = 2.14e+00
[20:46:28]       Final η = -4.82850874e-04 ± 1.02894800e-04
[20:46:28]     Linear Regression Complete (N=6817, DOF=6815):
[20:46:28]       RSS=4.665249e+01, MSE=6.845560e-03, χ²_red=0.007
[20:46:28]       Birge Ratio = 0.083 (Scaling factor applied: 1.000)
[20:46:28]       Condition Number κ(R) = 2.47e+00
[20:46:28]       Final η = -1.63919369e-04 ± 1.74956014e-04
[20:46:28]     Linear Regression Complete (N=25861, DOF=25859):
[20:46:28]       RSS=2.340236e+02, MSE=9.049985e-03, χ²_red=0.009
[20:46:28]       Birge Ratio = 0.095 (Scaling factor applied: 1.000)
[20:46:28]       Condition Number κ(R) = 2.11e+00
[20:46:28]       Final η = -4.53749823e-04 ± 9.23998470e-05
[20:46:28]     Linear Regression Complete (N=23068, DOF=23066):
[20:46:28]       RSS=2.067141e+02, MSE=8.961854e-03, χ²_red=0.009
[20:46:28]       Birge Ratio = 0.095 (Scaling factor applied: 1.000)
[20:46:28]       Condition Number κ(R) = 2.05e+00
[20:46:28]       Final η = -4.54807225e-04 ± 9.55087978e-05
[20:46:28]     Linear Regression Complete (N=25470, DOF=25468):
[20:46:28]       RSS=2.212217e+02, MSE=8.686262e-03, χ²_red=0.009
[20:46:28]       Birge Ratio = 0.093 (Scaling factor applied: 1.000)
[20:46:28]       Condition Number κ(R) = 2.09e+00
[20:46:28]       Final η = -4.89142083e-04 ± 9.07989713e-05
[20:46:28]     Linear Regression Complete (N=24910, DOF=24908):
[20:46:28]       RSS=2.340161e+02, MSE=9.395219e-03, χ²_red=0.009
[20:46:28]       Birge Ratio = 0.097 (Scaling factor applied: 1.000)
[20:46:28]       Condition Number κ(R) = 2.12e+00
[20:46:28]       Final η = -4.62724773e-04 ± 9.69886401e-05
[20:46:28]     Linear Regression Complete (N=16512, DOF=16510):
[20:46:28]       RSS=1.398043e+02, MSE=8.467856e-03, χ²_red=0.008
[20:46:28]       Birge Ratio = 0.092 (Scaling factor applied: 1.000)
[20:46:28]       Condition Number κ(R) = 2.18e+00
[20:46:28]       Final η = -3.37487197e-04 ± 1.14695364e-04
[20:46:28]     Linear Regression Complete (N=26034, DOF=26032):
[20:46:28]       RSS=2.346336e+02, MSE=9.013276e-03, χ²_red=0.009
[20:46:28]       Birge Ratio = 0.095 (Scaling factor applied: 1.000)
[20:46:28]       Condition Number κ(R) = 2.11e+00
[20:46:28]       Final η = -4.50212336e-04 ± 9.20798310e-05
[20:46:28]     Linear Regression Complete (N=24638, DOF=24636):
[20:46:28]       RSS=2.206140e+02, MSE=8.954946e-03, χ²_red=0.009
[20:46:28]       Birge Ratio = 0.095 (Scaling factor applied: 1.000)
[20:46:28]       Condition Number κ(R) = 2.08e+00
[20:46:28]       Final η = -4.71851843e-04 ± 9.34617891e-05
[20:46:28]     Linear Regression Complete (N=25838, DOF=25836):
[20:46:28]       RSS=2.280039e+02, MSE=8.825047e-03, χ²_red=0.009
[20:46:28]       Birge Ratio = 0.094 (Scaling factor applied: 1.000)
[20:46:28]       Condition Number κ(R) = 2.10e+00
[20:46:28]       Final η = -4.65225592e-04 ± 9.12352494e-05
[20:46:28]     Linear Regression Complete (N=26207, DOF=26205):
[20:46:28]       RSS=2.244278e+02, MSE=8.564313e-03, χ²_red=0.009
[20:46:28]       Birge Ratio = 0.093 (Scaling factor applied: 1.000)
[20:46:28]       Condition Number κ(R) = 2.46e+00
[20:46:28]       Final η = -4.99716273e-05 ± 1.02720679e-04
[20:46:28] Results saved to results/outputs/step_012_subsample_robustness.json
[20:46:28] Results saved to results/outputs/step_012_station_dominance.json
[20:46:28] ✓   Robustness Analysis Complete.
