[20:19:57] ═══ Starting Systematic Projection Analysis...
[20:19:57] ═══ ═══ Starting Step 044: Systematic Projection Analysis...
[20:19:57]     ═══ STEP PURPOSE: Compute cos(elongation)-projected systematic bias for each error source
[20:19:57]     ═══ METHOD: Project each systematic component onto cos(elongation); phase-locked differential
[20:19:57]     ═══ DATA SUMMARY
[20:19:57]         Dataset: N = 26,207 observations
[20:19:57]         Using per-observation weights (1/σ²) from 'sigma_m'
[20:19:57]     Linear Regression Complete (N=26207, DOF=26205):
[20:19:57]       RSS=2.617449e+04, MSE=9.988357e-01, χ²_red=0.999
[20:19:57]       Birge Ratio = 0.999 (Scaling factor applied: 1.000)
[20:19:57]       Condition Number κ(R) = 2.02e+00
[20:19:57]       Final η = -3.49776480e-04 ± 6.57578075e-05
[20:19:57]         Baseline η = -3.498e-04 ± 6.576e-05 (5.32σ)
[20:19:57]         Ephemeris scatter: N=2, std(η) = 2.728e-04
[20:19:57] ═══ ═══ SYSTEMATIC PROJECTION RESULTS
[20:19:57]     Source                          bias_η     r(cos)          p
[20:19:57]     ------------------------------------------------------------
[20:19:57]     Cross-ephemeris residual     2.728e-04     0.0000   1.00e+00
[20:19:57]     Monthly mean variation (    -6.140e-05    -0.0411   2.97e-11
[20:19:57]     Station-to-station mean      7.508e-06     0.1109   1.54e-72
[20:19:57]     cos(2*elongation) harmon    -7.027e-06    -0.3583   0.00e+00
[20:19:57]     Diurnal (24-hr) sinusoid    -4.263e-05    -0.0725   6.75e-32
[20:19:57]     ------------------------------------------------------------
[20:19:57]     Combined (quadrature)        7.545e-05
[20:19:57]     Upper bound (linear sum)     3.914e-04
[20:19:57] ═══ ═══ PHASE-LOCKED DIFFERENTIAL ANALYSIS
[20:19:58]         New moon:  N=397,  mean=-1.207e-02 ± 1.533e-03 m
[20:19:58]         Full moon: N=1531, mean=2.857e-03 ± 1.965e-03 m
[20:19:58]         Differential η = -5.739e-04 ± 9.586e-05 (5.99σ)
[20:19:58]         Permutation p = 0.0050 (n=1000)
[20:19:58] ═══ ═══ COMBINED UNCERTAINTY
[20:19:58]         Statistical:   ±6.576e-05
[20:19:58]         Systematic:    ±2.831e-04 (quadrature(ephemeris_scatter + projected_non_ephemeris))
[20:19:58]         Total:         ±2.906e-04
[20:19:58]         SNR (total):   1.20σ
[20:19:58] Results saved to results/outputs/step_024_systematic_projection_analysis.json
[20:19:58] ✓   Systematic Projection Analysis Complete.
