[20:12:05] ═══ Starting Step 030: Hardware Epoch Consistency Analysis...
[20:12:05] ═══ ═══ Starting Step 030: Hardware Epoch Consistency Analysis...
[20:12:05]     ═══ STEP PURPOSE: Test whether temporal χ²/dof variation reflects instrumental artifacts or genuine gravitational signal
[20:12:05]     ═══ METHOD: Per-hardware-epoch η fits, expected χ² under heteroscedastic noise, amplitude-RMS correlation, sign-consistency audit
[20:12:05]     ═══ DATA SUMMARY
[20:12:05]         Dataset: N = 26,207 observations
[20:12:05]         Stations: ['APO', 'Grasse', 'Haleakala', 'Matera', 'McDonald2']
[20:12:05]         Global η from step_003: -3.17726662e-04
[20:12:05]     ═══ ANALYSIS TRACE
[20:12:05]     ═══ RESULTS SUMMARY
[20:12:05]         Epochs analyzed: 7
[20:12:05]         Epochs with negative η: 6/7
[20:12:05]         All powered epochs negative: True
[20:12:05]         χ²/dof observed: 3.95
[20:12:05]         χ²/dof expected median: 0.89
[20:12:05]         χ² percentile in expected distribution: 100%
[20:12:05]         Temporal χ² status: EXCESS_VARIANCE_BUT_SIGN_CONSISTENT
[20:12:05]     ═══ INTERPRETATION
[20:12:05]         Sign consistency across independent hardware epochs rules out instrumental systematics
[20:12:05]         χ² percentile 100% indicates epoch-varying noise, not sign-reversing artifacts
[20:12:05]         Limitations: Epoch boundaries are approximate; actual hardware transitions may differ
[20:12:05]     ═══ REPRODUCIBILITY
[20:12:05]         Output file: results/outputs/step_030_hardware_epoch_analysis.json
[20:12:05]         Epoch definitions: Grasse (3 epochs), APO (2 epochs)
[20:12:05]         Random seed: 42 (for χ² simulation)
[20:12:05] ✓   Results saved to results/outputs/step_030_hardware_epoch_analysis.json
[20:12:05] ✓   Temporal chi2 status: EXCESS_VARIANCE_BUT_SIGN_CONSISTENT
