[02:12:15] ═══ Starting Step 032: Hardware Epoch Consistency Analysis...
[02:12:15] ═══ ═══ Starting Step 032: Hardware Epoch Consistency Analysis...
[02:12:15]     ═══ STEP PURPOSE: Test whether temporal χ²/dof variation reflects instrumental artifacts or genuine gravitational signal
[02:12:15]     ═══ METHOD: Per-hardware-epoch η fits, expected χ² under heteroscedastic noise, amplitude-RMS correlation, sign-consistency audit
[02:12:15]     ═══ DATA SUMMARY
[02:12:15]         Dataset: N = 26,207 observations
[02:12:15]         Stations: ['APO', 'Grasse', 'Haleakala', 'Matera', 'McDonald2']
[02:12:15]         Global η from step_002: -3.16979820e-04
[02:12:15]     ═══ ANALYSIS TRACE
[02:12:15]     ═══ RESULTS SUMMARY
[02:12:15]         Epochs analyzed: 5
[02:12:15]         Epochs with negative η: 5/5
[02:12:15]         All powered epochs negative: True
[02:12:15]         χ²/dof observed: 4.32
[02:12:15]         χ²/dof expected median: 0.84
[02:12:15]         χ² percentile in expected distribution: 100%
[02:12:15]         Temporal χ² status: EXCESS_VARIANCE_BUT_SIGN_CONSISTENT
[02:12:15]     ═══ INTERPRETATION
[02:12:15]         Sign consistency across independent hardware epochs rules out instrumental systematics
[02:12:15]         χ² percentile 100% indicates epoch-varying noise, not sign-reversing artifacts
[02:12:15]         Limitations: Epoch boundaries are approximate; actual hardware transitions may differ
[02:12:15]     ═══ REPRODUCIBILITY
[02:12:15]         Output file: results/outputs/step_032_hardware_epoch_analysis.json
[02:12:15]         Epoch definitions: Grasse (3 epochs), APO (2 epochs)
[02:12:15]         Random seed: 42 (for χ² simulation)
[02:12:15] ✓   Results saved to results/outputs/step_032_hardware_epoch_analysis.json
[02:12:15] ✓   Temporal chi2 status: EXCESS_VARIANCE_BUT_SIGN_CONSISTENT
