[02:11:19] ═══ ═══ Starting Step 019: Station Quality Diagnostics...
[02:11:19]     ═══ STEP PURPOSE: Investigate Haleakala and other station anomalies through quality metrics
[02:11:19]     ═══ METHOD: Quality metrics comparison (RMS, outlier rate, gaps), systematic correlation analysis, quality-cut sensitivity tests
[02:11:19]     ═══ PARAMETERS: IQR outlier threshold=3×, quality cut max residual=0.5m
[02:11:19] Step 019: Station Quality Diagnostics
[02:11:19]     ═══ DATA SUMMARY
[02:11:19]         Dataset: N = 26,207 observations
[02:11:19]         Stations: ['APO', 'Grasse', 'Haleakala', 'Matera', 'McDonald2']
[02:11:19]         Data source: INPOP19a_all_stations_residuals.csv
[02:11:19]     ═══ ANALYSIS TRACE
[02:11:19] >>> >>> Analyzing station quality metrics across all stations
[02:11:19] Analyzing station quality metrics...
[02:11:19] >>> >>> Detailed analysis of Haleakala anomaly
[02:11:19] Detailed analysis of Haleakala anomaly...
[02:11:19] >>> >>> Testing Haleakala quality cuts
[02:11:19] Testing Haleakala quality cuts...
[02:11:19] >>> >>> Analyzing McDonald2 era split
[02:11:19]     ═══ RESULTS SUMMARY
[02:11:19]         Stations analyzed: 5
[02:11:19]         Quality outliers identified: 0
[02:11:19]         Haleakala RMS: 13.8 cm
[02:11:19]         Haleakala n_obs: 737
[02:11:19]         Haleakala likely causes: ['small_sample']
[02:11:19]         Multi-station confidence: HIGH
[02:11:19]     ═══ INTERPRETATION
[02:11:19]         Haleakala positive η explained by: small_sample
[02:11:19]         Station quality analysis tests for systematic biases
[02:11:19]         Quality-cut sensitivity tests validate signal robustness
[02:11:19]     ═══ REPRODUCIBILITY
[02:11:19]         Output file: results/outputs/step_019_station_quality.json
[02:11:19]         IQR outlier threshold: 3×
[02:11:19]         Quality cut max residual: 0.5m
[02:11:19] Haleakala RMS: 13.8 cm
[02:11:19] Haleakala n_obs: 737
[02:11:19] Haleakala likely causes: ['small_sample']
[02:11:19] Results saved to results/outputs/step_019_station_quality.json
